Component: ARM Compiler 5.06 update 6 (build 750) Tool: armlink [4d35ed]

==============================================================================

Section Cross References

    startup_stm32f103xb.o(RESET) refers to startup_stm32f103xb.o(STACK) for __initial_sp
    startup_stm32f103xb.o(RESET) refers to startup_stm32f103xb.o(.text) for Reset_Handler
    startup_stm32f103xb.o(RESET) refers to stm32f1xx_it.o(i.NMI_Handler) for NMI_Handler
    startup_stm32f103xb.o(RESET) refers to stm32f1xx_it.o(i.HardFault_Handler) for HardFault_Handler
    startup_stm32f103xb.o(RESET) refers to stm32f1xx_it.o(i.MemManage_Handler) for MemManage_Handler
    startup_stm32f103xb.o(RESET) refers to stm32f1xx_it.o(i.BusFault_Handler) for BusFault_Handler
    startup_stm32f103xb.o(RESET) refers to stm32f1xx_it.o(i.UsageFault_Handler) for UsageFault_Handler
    startup_stm32f103xb.o(RESET) refers to port.o(.emb_text) for SVC_Handler
    startup_stm32f103xb.o(RESET) refers to stm32f1xx_it.o(i.DebugMon_Handler) for DebugMon_Handler
    startup_stm32f103xb.o(RESET) refers to port.o(i.SysTick_Handler) for SysTick_Handler
    startup_stm32f103xb.o(RESET) refers to stm32f1xx_it.o(i.RTC_IRQHandler) for RTC_IRQHandler
    startup_stm32f103xb.o(RESET) refers to stm32f1xx_it.o(i.TIM2_IRQHandler) for TIM2_IRQHandler
    startup_stm32f103xb.o(RESET) refers to stm32f1xx_it.o(i.I2C1_EV_IRQHandler) for I2C1_EV_IRQHandler
    startup_stm32f103xb.o(RESET) refers to stm32f1xx_it.o(i.USART1_IRQHandler) for USART1_IRQHandler
    startup_stm32f103xb.o(.text) refers to system_stm32f1xx.o(i.SystemInit) for SystemInit
    startup_stm32f103xb.o(.text) refers to entry.o(.ARM.Collect$$$$00000000) for __main
    bme280.o(i.bme280_get_meas) refers to bme280.o(i.bme280_read_reg_be_u3b) for bme280_read_reg_be_u3b
    bme280.o(i.bme280_get_meas) refers to bme280.o(i.bme280_read_reg_be_s2b) for bme280_read_reg_be_s2b
    bme280.o(i.bme280_get_meas) refers to fflti.o(.text) for __aeabi_i2f
    bme280.o(i.bme280_get_meas) refers to fdiv.o(.text) for __aeabi_fdiv
    bme280.o(i.bme280_get_meas) refers to ldiv.o(.text) for __aeabi_ldivmod
    bme280.o(i.bme280_get_meas) refers to ffltui.o(.text) for __aeabi_ui2f
    bme280.o(i.bme280_get_meas) refers to fscalb.o(.text) for __ARM_scalbnf
    bme280.o(i.bme280_get_meas) refers to bme280.o(.bss) for .bss
    bme280.o(i.bme280_get_meas) refers to bme280.o(.data) for .data
    bme280.o(i.bme280_init) refers to bme280.o(i.bme280_read_reg) for bme280_read_reg
    bme280.o(i.bme280_init) refers to printfa.o(i.__0sprintf) for __2sprintf
    bme280.o(i.bme280_init) refers to strlen.o(.text) for strlen
    bme280.o(i.bme280_init) refers to stm32f1xx_hal_uart.o(i.HAL_UART_Transmit) for HAL_UART_Transmit
    bme280.o(i.bme280_init) refers to bme280.o(i.bme280_wr_reg) for bme280_wr_reg
    bme280.o(i.bme280_init) refers to bme280.o(i.bme280_read_status) for bme280_read_status
    bme280.o(i.bme280_init) refers to bme280.o(i.bme280_set_standby) for bme280_set_standby
    bme280.o(i.bme280_init) refers to bme280.o(i.bme280_set_filter) for bme280_set_filter
    bme280.o(i.bme280_init) refers to bme280.o(i.bme280_set_oversamp_tempreture) for bme280_set_oversamp_tempreture
    bme280.o(i.bme280_init) refers to bme280.o(i.bme280_set_oversamp_pressure) for bme280_set_oversamp_pressure
    bme280.o(i.bme280_init) refers to bme280.o(i.bme280_set_oversamp_humidity) for bme280_set_oversamp_humidity
    bme280.o(i.bme280_init) refers to bme280.o(i.bme280_read_coeffs) for bme280_read_coeffs
    bme280.o(i.bme280_init) refers to bme280.o(i.bme280_set_mode) for bme280_set_mode
    bme280.o(i.bme280_init) refers to bme280.o(.bss) for .bss
    bme280.o(i.bme280_init) refers to main.o(.bss) for huart1
    bme280.o(i.bme280_read_altitude) refers to bme280.o(i.bme280_read_pressure) for bme280_read_pressure
    bme280.o(i.bme280_read_altitude) refers to fdiv.o(.text) for __aeabi_fdiv
    bme280.o(i.bme280_read_altitude) refers to f2d.o(.text) for __aeabi_f2d
    bme280.o(i.bme280_read_altitude) refers to pow.o(i.pow) for pow
    bme280.o(i.bme280_read_altitude) refers to dadd.o(.text) for __aeabi_drsub
    bme280.o(i.bme280_read_altitude) refers to dmul.o(.text) for __aeabi_dmul
    bme280.o(i.bme280_read_altitude) refers to d2f.o(.text) for __aeabi_d2f
    bme280.o(i.bme280_read_coeffs) refers to bme280.o(i.bme280_read_reg_u2b) for bme280_read_reg_u2b
    bme280.o(i.bme280_read_coeffs) refers to printfa.o(i.__0sprintf) for __2sprintf
    bme280.o(i.bme280_read_coeffs) refers to strlen.o(.text) for strlen
    bme280.o(i.bme280_read_coeffs) refers to stm32f1xx_hal_uart.o(i.HAL_UART_Transmit) for HAL_UART_Transmit
    bme280.o(i.bme280_read_coeffs) refers to bme280.o(i.bme280_read_reg_s2b) for bme280_read_reg_s2b
    bme280.o(i.bme280_read_coeffs) refers to bme280.o(i.bme280_read_reg) for bme280_read_reg
    bme280.o(i.bme280_read_coeffs) refers to bme280.o(.bss) for .bss
    bme280.o(i.bme280_read_coeffs) refers to main.o(.bss) for huart1
[...]
    i.USART1_IRQHandler                      0x0800416c   Section        0  stm32f1xx_it.o(i.USART1_IRQHandler)
    i.UsageFault_Handler                     0x08004178   Section        0  stm32f1xx_it.o(i.UsageFault_Handler)
    i.__0sprintf                             0x0800417c   Section        0  printfa.o(i.__0sprintf)
    i.__NVIC_SetPriority                     0x080041a4   Section        0  stm32f1xx_hal_cortex.o(i.__NVIC_SetPriority)
    __NVIC_SetPriority                       0x080041a5   Thumb Code    32  stm32f1xx_hal_cortex.o(i.__NVIC_SetPriority)
    i.__scatterload_copy                     0x080041c4   Section       14  handlers.o(i.__scatterload_copy)
    i.__scatterload_null                     0x080041d2   Section        2  handlers.o(i.__scatterload_null)
    i.__scatterload_zeroinit                 0x080041d4   Section       14  handlers.o(i.__scatterload_zeroinit)
    i._fp_digits                             0x080041e4   Section        0  printfa.o(i._fp_digits)
    _fp_digits                               0x080041e5   Thumb Code   366  printfa.o(i._fp_digits)
    i._printf_core                           0x08004368   Section        0  printfa.o(i._printf_core)
    _printf_core                             0x08004369   Thumb Code  1744  printfa.o(i._printf_core)
    i._printf_post_padding                   0x08004a44   Section        0  printfa.o(i._printf_post_padding)
    _printf_post_padding                     0x08004a45   Thumb Code    36  printfa.o(i._printf_post_padding)
    i._printf_pre_padding                    0x08004a68   Section        0  printfa.o(i._printf_pre_padding)
    _printf_pre_padding                      0x08004a69   Thumb Code    46  printfa.o(i._printf_pre_padding)
    i._sputc                                 0x08004a96   Section        0  printfa.o(i._sputc)
    _sputc                                   0x08004a97   Thumb Code    10  printfa.o(i._sputc)
    i.bme280_get_meas                        0x08004aa0   Section        0  bme280.o(i.bme280_get_meas)
    i.bme280_init                            0x08004d2c   Section        0  bme280.o(i.bme280_init)
    i.bme280_read_coeffs                     0x08004da8   Section        0  bme280.o(i.bme280_read_coeffs)
    i.bme280_read_reg                        0x08005210   Section        0  bme280.o(i.bme280_read_reg)
    i.bme280_read_reg_be_s2b                 0x0800523c   Section        0  bme280.o(i.bme280_read_reg_be_s2b)
    i.bme280_read_reg_be_u3b                 0x08005252   Section        0  bme280.o(i.bme280_read_reg_be_u3b)
    i.bme280_read_reg_s2b                    0x08005276   Section        0  bme280.o(i.bme280_read_reg_s2b)
    i.bme280_read_reg_u2b                    0x08005280   Section        0  bme280.o(i.bme280_read_reg_u2b)
    i.bme280_read_status                     0x0800528a   Section        0  bme280.o(i.bme280_read_status)
    i.bme280_set_filter                      0x08005298   Section        0  bme280.o(i.bme280_set_filter)
    i.bme280_set_mode                        0x080052b6   Section        0  bme280.o(i.bme280_set_mode)
    i.bme280_set_oversamp_humidity           0x080052d4   Section        0  bme280.o(i.bme280_set_oversamp_humidity)
    i.bme280_set_oversamp_pressure           0x08005300   Section        0  bme280.o(i.bme280_set_oversamp_pressure)
    i.bme280_set_oversamp_tempreture         0x0800531e   Section        0  bme280.o(i.bme280_set_oversamp_tempreture)
    i.bme280_set_standby                     0x0800533c   Section        0  bme280.o(i.bme280_set_standby)
    i.bme280_wr_reg                          0x0800535c   Section        0  bme280.o(i.bme280_wr_reg)
    i.configureTimerForRunTimeStats          0x08005380   Section        0  freertos.o(i.configureTimerForRunTimeStats)
    i.getRunTimeCounterValue                 0x08005382   Section        0  freertos.o(i.getRunTimeCounterValue)
    i.i2c_read_data2b                        0x08005388   Section        0  bme280.o(i.i2c_read_data2b)
    i2c_read_data2b                          0x08005389   Thumb Code    28  bme280.o(i.i2c_read_data2b)
    i.i2c_read_data3b                        0x080053a8   Section        0  bme280.o(i.i2c_read_data3b)
    i2c_read_data3b                          0x080053a9   Thumb Code    28  bme280.o(i.i2c_read_data3b)
    i.main                                   0x080053c8   Section        0  main.o(i.main)
    i.makeFreeRtosPriority                   0x080054ac   Section        0  cmsis_os.o(i.makeFreeRtosPriority)
    makeFreeRtosPriority                     0x080054ad   Thumb Code    12  cmsis_os.o(i.makeFreeRtosPriority)
    i.nextion_send_str                       0x080054b8   Section        0  main.o(i.nextion_send_str)
    i.nrf24_ACTIVATE_cmd                     0x08005504   Section        0  nrf24.o(i.nrf24_ACTIVATE_cmd)
    i.nrf24_DelayMicroSeconds                0x08005530   Section        0  nrf24.o(i.nrf24_DelayMicroSeconds)
    i.nrf24_available                        0x0800554c   Section        0  nrf24.o(i.nrf24_available)
    i.nrf24_availablePipe                    0x08005552   Section        0  nrf24.o(i.nrf24_availablePipe)
    i.nrf24_begin                            0x08005584   Section        0  nrf24.o(i.nrf24_begin)
    i.nrf24_ce                               0x08005710   Section        0  nrf24.o(i.nrf24_ce)
    i.nrf24_csn                              0x08005724   Section        0  nrf24.o(i.nrf24_csn)
    i.nrf24_disableDynamicPayloads           0x08005738   Section        0  nrf24.o(i.nrf24_disableDynamicPayloads)
    i.nrf24_enableAckPayload                 0x08005760   Section        0  nrf24.o(i.nrf24_enableAckPayload)
    i.nrf24_flush_rx                         0x080057a2   Section        0  nrf24.o(i.nrf24_flush_rx)
    i.nrf24_flush_tx                         0x080057aa   Section        0  nrf24.o(i.nrf24_flush_tx)
    i.nrf24_get_status                       0x080057b2   Section        0  nrf24.o(i.nrf24_get_status)
    i.nrf24_init                             0x080057b8   Section        0  main.o(i.nrf24_init)
    i.nrf24_openReadingPipe                  0x08005848   Section        0  nrf24.o(i.nrf24_openReadingPipe)
    i.nrf24_powerDown                        0x080058a0   Section        0  nrf24.o(i.nrf24_powerDown)
    i.nrf24_read                             0x080058b6   Section        0  nrf24.o(i.nrf24_read)
    i.nrf24_read_payload                     0x080058dc   Section        0  nrf24.o(i.nrf24_read_payload)
    i.nrf24_read_register                    0x08005920   Section        0  nrf24.o(i.nrf24_read_register)
    i.nrf24_read_registerN                   0x08005960   Section        0  nrf24.o(i.nrf24_read_registerN)
    i.nrf24_resetStatus                      0x0800599c   Section        0  nrf24.o(i.nrf24_resetStatus)
    i.nrf24_setAutoAck                       0x080059a4   Section        0  nrf24.o(i.nrf24_setAutoAck)
    i.nrf24_setCRCLength                     0x080059b2   Section        0  nrf24.o(i.nrf24_setCRCLength)
    i.nrf24_setChannel                       0x080059da   Section        0  nrf24.o(i.nrf24_setChannel)
    i.nrf24_setDataRate                      0x080059e8   Section        0  nrf24.o(i.nrf24_setDataRate)
    i.nrf24_setPALevel                       0x08005a44   Section        0  nrf24.o(i.nrf24_setPALevel)
    i.nrf24_setPayloadSize                   0x08005a80   Section        0  nrf24.o(i.nrf24_setPayloadSize)
    i.nrf24_setRetries                       0x08005a90   Section        0  nrf24.o(i.nrf24_setRetries)
    i.nrf24_startListening                   0x08005aa0   Section        0  nrf24.o(i.nrf24_startListening)
    i.nrf24_write_register                   0x08005ae4   Section        0  nrf24.o(i.nrf24_write_register)
    i.nrf24_write_registerN                  0x08005b14   Section        0  nrf24.o(i.nrf24_write_registerN)
    i.osDelay                                0x08005b50   Section        0  cmsis_os.o(i.osDelay)
    i.osKernelStart                          0x08005b5e   Section        0  cmsis_os.o(i.osKernelStart)
    i.osThreadCreate                         0x08005b68   Section        0  cmsis_os.o(i.osThreadCreate)
    i.printRadioSettings                     0x08005bbc   Section        0  nrf24.o(i.printRadioSettings)
    i.prvAddCurrentTaskToDelayedList         0x0800638c   Section        0  tasks.o(i.prvAddCurrentTaskToDelayedList)
    prvAddCurrentTaskToDelayedList           0x0800638d   Thumb Code   102  tasks.o(i.prvAddCurrentTaskToDelayedList)
    i.prvAddNewTaskToReadyList               0x080063fc   Section        0  tasks.o(i.prvAddNewTaskToReadyList)
    prvAddNewTaskToReadyList                 0x080063fd   Thumb Code   196  tasks.o(i.prvAddNewTaskToReadyList)
    i.prvDeleteTCB                           0x080064cc   Section        0  tasks.o(i.prvDeleteTCB)
    prvDeleteTCB                             0x080064cd   Thumb Code    52  tasks.o(i.prvDeleteTCB)
    i.prvHeapInit                            0x08006500   Section        0  heap_4.o(i.prvHeapInit)
    prvHeapInit                              0x08006501   Thumb Code    66  heap_4.o(i.prvHeapInit)
    i.prvIdleTask                            0x0800654c   Section        0  tasks.o(i.prvIdleTask)
    prvIdleTask                              0x0800654d   Thumb Code    82  tasks.o(i.prvIdleTask)
    i.prvInitialiseNewTask                   0x080065ac   Section        0  tasks.o(i.prvInitialiseNewTask)
    prvInitialiseNewTask                     0x080065ad   Thumb Code   158  tasks.o(i.prvInitialiseNewTask)
    i.prvInsertBlockIntoFreeList             0x0800664c   Section        0  heap_4.o(i.prvInsertBlockIntoFreeList)
    prvInsertBlockIntoFreeList               0x0800664d   Thumb Code    72  heap_4.o(i.prvInsertBlockIntoFreeList)
    i.prvResetNextTaskUnblockTime            0x08006698   Section        0  tasks.o(i.prvResetNextTaskUnblockTime)
    prvResetNextTaskUnblockTime              0x08006699   Thumb Code    26  tasks.o(i.prvResetNextTaskUnblockTime)
    i.prvTaskExitError                       0x080066b8   Section        0  port.o(i.prvTaskExitError)
    prvTaskExitError                         0x080066b9   Thumb Code    36  port.o(i.prvTaskExitError)
    i.pvPortMalloc                           0x080066e0   Section        0  heap_4.o(i.pvPortMalloc)
    i.pxPortInitialiseStack                  0x080067b8   Section        0  port.o(i.pxPortInitialiseStack)
    i.uxListRemove                           0x080067dc   Section        0  list.o(i.uxListRemove)
    i.vApplicationGetIdleTaskMemory          0x08006804   Section        0  freertos.o(i.vApplicationGetIdleTaskMemory)
    i.vListInitialise                        0x08006818   Section        0  list.o(i.vListInitialise)
    i.vListInitialiseItem                    0x0800682e   Section        0  list.o(i.vListInitialiseItem)
    i.vListInsert                            0x08006834   Section        0  list.o(i.vListInsert)
    i.vListInsertEnd                         0x08006864   Section        0  list.o(i.vListInsertEnd)
    i.vPortEnterCritical                     0x0800687c   Section        0  port.o(i.vPortEnterCritical)
    i.vPortExitCritical                      0x080068bc   Section        0  port.o(i.vPortExitCritical)
    i.vPortFree                              0x080068e4   Section        0  heap_4.o(i.vPortFree)
    i.vPortSetupTimerInterrupt               0x08006940   Section        0  port.o(i.vPortSetupTimerInterrupt)
    i.vTaskDelay                             0x08006964   Section        0  tasks.o(i.vTaskDelay)
    i.vTaskStartScheduler                    0x080069b0   Section        0  tasks.o(i.vTaskStartScheduler)
    i.vTaskSuspendAll                        0x08006a20   Section        0  tasks.o(i.vTaskSuspendAll)
    i.vTaskSwitchContext                     0x08006a30   Section        0  tasks.o(i.vTaskSwitchContext)
    i.xPortStartScheduler                    0x08006aa4   Section        0  port.o(i.xPortStartScheduler)
    i.xTaskCreate                            0x08006b4c   Section        0  tasks.o(i.xTaskCreate)
    i.xTaskCreateStatic                      0x08006ba6   Section        0  tasks.o(i.xTaskCreateStatic)
    i.xTaskIncrementTick                     0x08006bfc   Section        0  tasks.o(i.xTaskIncrementTick)
    i.xTaskResumeAll                         0x08006cc4   Section        0  tasks.o(i.xTaskResumeAll)
    .constdata                               0x08006d88   Section       13  nrf24.o(.constdata)
    RF24_RX_PW_PIPE                          0x08006d88   Data           6  nrf24.o(.constdata)
    nrf24_ADDR_REGS                          0x08006d8e   Data           7  nrf24.o(.constdata)
    .constdata                               0x08006d98   Section      112  main.o(.constdata)
    .constdata                               0x08006e08   Section       16  system_stm32f1xx.o(.constdata)
    .constdata                               0x08006e18   Section        8  system_stm32f1xx.o(.constdata)
    .conststring                             0x08006e20   Section      218  nrf24.o(.conststring)
    .conststring                             0x08006efc   Section       49  main.o(.conststring)
    .data                                    0x20000000   Section        4  bme280.o(.data)
    .data                                    0x20000008   Section       24  nrf24.o(.data)
    ack_payload_available                    0x20000008   Data           1  nrf24.o(.data)
    ack_payload_length                       0x20000009   Data           1  nrf24.o(.data)
    payload_size                             0x2000000a   Data           1  nrf24.o(.data)
    dynamic_payloads_enabled                 0x2000000b   Data           1  nrf24.o(.data)
    p_variant                                0x2000000c   Data           1  nrf24.o(.data)
    wide_band                                0x2000000d   Data           1  nrf24.o(.data)
    nrf24_CSN_PIN                            0x2000000e   Data           2  nrf24.o(.data)
    nrf24_CE_PIN                             0x20000010   Data           2  nrf24.o(.data)
    nrf24_PORT                               0x20000014   Data           4  nrf24.o(.data)
    pipe0_reading_address                    0x20000018   Data           8  nrf24.o(.data)
    .data                                    0x20000020   Section       40  main.o(.data)
    .data                                    0x20000048   Section       12  stm32f1xx_hal.o(.data)
    .data                                    0x20000054   Section        4  system_stm32f1xx.o(.data)
    .data                                    0x20000058   Section       68  tasks.o(.data)
    pxDelayedTaskList                        0x2000005c   Data           4  tasks.o(.data)
    pxOverflowDelayedTaskList                0x20000060   Data           4  tasks.o(.data)
    uxDeletedTasksWaitingCleanUp             0x20000064   Data           4  tasks.o(.data)
    uxCurrentNumberOfTasks                   0x20000068   Data           4  tasks.o(.data)
    xTickCount                               0x2000006c   Data           4  tasks.o(.data)
    uxTopReadyPriority                       0x20000070   Data           4  tasks.o(.data)
    xSchedulerRunning                        0x20000074   Data           4  tasks.o(.data)
    uxPendedTicks                            0x20000078   Data           4  tasks.o(.data)
    xYieldPending                            0x2000007c   Data           4  tasks.o(.data)
    xNumOfOverflows                          0x20000080   Data           4  tasks.o(.data)
    uxTaskNumber                             0x20000084   Data           4  tasks.o(.data)
    xNextTaskUnblockTime                     0x20000088   Data           4  tasks.o(.data)
    xIdleTaskHandle                          0x2000008c   Data           4  tasks.o(.data)
    uxSchedulerSuspended                     0x20000090   Data           4  tasks.o(.data)
    ulTaskSwitchedInTime                     0x20000094   Data           4  tasks.o(.data)
    ulTotalRunTime                           0x20000098   Data           4  tasks.o(.data)
    .data                                    0x2000009c   Section       24  heap_4.o(.data)
    pxEnd                                    0x2000009c   Data           4  heap_4.o(.data)
    xFreeBytesRemaining                      0x200000a0   Data           4  heap_4.o(.data)
    xMinimumEverFreeBytesRemaining           0x200000a4   Data           4  heap_4.o(.data)
    xBlockAllocatedBit                       0x200000a8   Data           4  heap_4.o(.data)
    xStart                                   0x200000ac   Data           8  heap_4.o(.data)
    .data                                    0x200000b4   Section       12  port.o(.data)
    ucMaxSysCallPriority                     0x200000b4   Data           1  port.o(.data)
    uxCriticalNesting                        0x200000b8   Data           4  port.o(.data)
    ulMaxPRIGROUPValue                       0x200000bc   Data           4  port.o(.data)
    .bss                                     0x200000c0   Section       86  bme280.o(.bss)
    .bss                                     0x20000118   Section      152  nrf24.o(.bss)
    nrf24_hspi                               0x20000118   Data          88  nrf24.o(.bss)
    nrf24_huart                              0x20000170   Data          64  nrf24.o(.bss)
    .bss                                     0x200001b0   Section      380  main.o(.bss)
    .bss                                     0x2000032c   Section      352  freertos.o(.bss)
    xIdleTaskTCBBuffer                       0x2000032c   Data          96  freertos.o(.bss)
    xIdleStack                               0x2000038c   Data         256  freertos.o(.bss)
    .bss                                     0x2000048c   Section       72  stm32f1xx_hal_timebase_tim.o(.bss)
    .bss                                     0x200004d4   Section      180  tasks.o(.bss)
    pxReadyTasksLists                        0x200004d4   Data          80  tasks.o(.bss)
    xDelayedTaskList1                        0x20000524   Data          20  tasks.o(.bss)
    xDelayedTaskList2                        0x20000538   Data          20  tasks.o(.bss)
    xPendingReadyList                        0x2000054c   Data          20  tasks.o(.bss)
    xTasksWaitingTermination                 0x20000560   Data          20  tasks.o(.bss)
    xSuspendedTaskList                       0x20000574   Data          20  tasks.o(.bss)
    .bss                                     0x20000588   Section     3072  heap_4.o(.bss)
    ucHeap                                   0x20000588   Data        3072  heap_4.o(.bss)
    STACK                                    0x20001188   Section     1024  startup_stm32f103xb.o(STACK)

    Global Symbols

    Symbol Name                              Value     Ov Type        Size  Object(Section)

    BuildAttributes$$THM_ISAv4$P$D$K$B$S$PE$A:L22UL41UL21$X:L11$S22US41US21$IEEE1$IW$USESV6$~STKCKD$USESV7$~SHL$OTIME$ROPI$IEEEX$EBA8$MICROLIB$REQ8$PRES8$EABIv2 0x00000000   Number         0  anon$$obj.o ABSOLUTE
    __ARM_use_no_argv                        0x00000000   Number         0  main.o ABSOLUTE
    _printf_a                                0x00000000   Number         0  stubs.o ABSOLUTE
    _printf_c                                0x00000000   Number         0  stubs.o ABSOLUTE
    _printf_charcount                        0x00000000   Number         0  stubs.o ABSOLUTE
    _printf_d                                0x00000000   Number         0  stubs.o ABSOLUTE
    _printf_e                                0x00000000   Number         0  stubs.o ABSOLUTE
    _printf_f                                0x00000000   Number         0  stubs.o ABSOLUTE
    _printf_flags                            0x00000000   Number         0  stubs.o ABSOLUTE
    _printf_fp_dec                           0x00000000   Number         0  stubs.o ABSOLUTE
    _printf_fp_hex                           0x00000000   Number         0  stubs.o ABSOLUTE
    _printf_g                                0x00000000   Number         0  stubs.o ABSOLUTE
    _printf_i                                0x00000000   Number         0  stubs.o ABSOLUTE
    _printf_int_dec                          0x00000000   Number         0  stubs.o ABSOLUTE
    _printf_l                                0x00000000   Number         0  stubs.o ABSOLUTE
    _printf_lc                               0x00000000   Number         0  stubs.o ABSOLUTE
    _printf_ll                               0x00000000   Number         0  stubs.o ABSOLUTE
    _printf_lld                              0x00000000   Number         0  stubs.o ABSOLUTE
    _printf_lli                              0x00000000   Number         0  stubs.o ABSOLUTE
    _printf_llo                              0x00000000   Number         0  stubs.o ABSOLUTE
    _printf_llu                              0x00000000   Number         0  stubs.o ABSOLUTE
    _printf_llx                              0x00000000   Number         0  stubs.o ABSOLUTE
    _printf_longlong_dec                     0x00000000   Number         0  stubs.o ABSOLUTE
    _printf_longlong_hex                     0x00000000   Number         0  stubs.o ABSOLUTE
    _printf_longlong_oct                     0x00000000   Number         0  stubs.o ABSOLUTE
    _printf_ls                               0x00000000   Number         0  stubs.o ABSOLUTE
    _printf_mbtowc                           0x00000000   Number         0  stubs.o ABSOLUTE
    _printf_n                                0x00000000   Number         0  stubs.o ABSOLUTE
    _printf_o                                0x00000000   Number         0  stubs.o ABSOLUTE
    _printf_p                                0x00000000   Number         0  stubs.o ABSOLUTE
    _printf_percent                          0x00000000   Number         0  stubs.o ABSOLUTE
    _printf_pre_padding                      0x00000000   Number         0  stubs.o ABSOLUTE
    _printf_return_value                     0x00000000   Number         0  stubs.o ABSOLUTE
    _printf_s                                0x00000000   Number         0  stubs.o ABSOLUTE
    _printf_sizespec                         0x00000000   Number         0  stubs.o ABSOLUTE
    _printf_str                              0x00000000   Number         0  stubs.o ABSOLUTE
    _printf_truncate_signed                  0x00000000   Number         0  stubs.o ABSOLUTE
    _printf_truncate_unsigned                0x00000000   Number         0  stubs.o ABSOLUTE
    _printf_u                                0x00000000   Number         0  stubs.o ABSOLUTE
    _printf_wc                               0x00000000   Number         0  stubs.o ABSOLUTE
    _printf_wctomb                           0x00000000   Number         0  stubs.o ABSOLUTE
    _printf_widthprec                        0x00000000   Number         0  stubs.o ABSOLUTE
    _printf_x                                0x00000000   Number         0  stubs.o ABSOLUTE
    __cpp_initialize__aeabi_                  - Undefined Weak Reference
    __cxa_finalize                            - Undefined Weak Reference
    __decompress                              - Undefined Weak Reference
    _clock_init                               - Undefined Weak Reference
    _microlib_exit                            - Undefined Weak Reference
    __Vectors_Size                           0x000000ec   Number         0  startup_stm32f103xb.o ABSOLUTE
    __Vectors                                0x08000000   Data           4  startup_stm32f103xb.o(RESET)
    __Vectors_End                            0x080000ec   Data           0  startup_stm32f103xb.o(RESET)
    __main                                   0x080000ed   Thumb Code     0  entry.o(.ARM.Collect$$$$00000000)
    _main_stk                                0x080000ed   Thumb Code     0  entry2.o(.ARM.Collect$$$$00000001)
    _main_scatterload                        0x080000f1   Thumb Code     0  entry5.o(.ARM.Collect$$$$00000004)
    __main_after_scatterload                 0x080000f5   Thumb Code     0  entry5.o(.ARM.Collect$$$$00000004)
    _main_clock                              0x080000f5   Thumb Code     0  entry7b.o(.ARM.Collect$$$$00000008)
    _main_cpp_init                           0x080000f5   Thumb Code     0  entry8b.o(.ARM.Collect$$$$0000000A)
    _main_init                               0x080000f5   Thumb Code     0  entry9a.o(.ARM.Collect$$$$0000000B)
    __rt_final_cpp                           0x080000fd   Thumb Code     0  entry10a.o(.ARM.Collect$$$$0000000D)
    __rt_final_exit                          0x080000fd   Thumb Code     0  entry11a.o(.ARM.Collect$$$$0000000F)
    SVC_Handler                              0x08000101   Thumb Code    32  port.o(.emb_text)
    __asm___6_port_c_39a90d8d__prvStartFirstTask 0x08000125   Thumb Code    28  port.o(.emb_text)
    PendSV_Handler                           0x08000145   Thumb Code    72  port.o(.emb_text)
    vPortGetIPSR                             0x08000191   Thumb Code     6  port.o(.emb_text)
    Reset_Handler                            0x08000199   Thumb Code     8  startup_stm32f103xb.o(.text)
    ADC1_2_IRQHandler                        0x080001b3   Thumb Code     0  startup_stm32f103xb.o(.text)
    CAN1_RX1_IRQHandler                      0x080001b3   Thumb Code     0  startup_stm32f103xb.o(.text)
    CAN1_SCE_IRQHandler                      0x080001b3   Thumb Code     0  startup_stm32f103xb.o(.text)
    DMA1_Channel1_IRQHandler                 0x080001b3   Thumb Code     0  startup_stm32f103xb.o(.text)
    DMA1_Channel2_IRQHandler                 0x080001b3   Thumb Code     0  startup_stm32f103xb.o(.text)
    DMA1_Channel3_IRQHandler                 0x080001b3   Thumb Code     0  startup_stm32f103xb.o(.text)
    DMA1_Channel4_IRQHandler                 0x080001b3   Thumb Code     0  startup_stm32f103xb.o(.text)
    DMA1_Channel5_IRQHandler                 0x080001b3   Thumb Code     0  startup_stm32f103xb.o(.text)
    DMA1_Channel6_IRQHandler                 0x080001b3   Thumb Code     0  startup_stm32f103xb.o(.text)
    DMA1_Channel7_IRQHandler                 0x080001b3   Thumb Code     0  startup_stm32f103xb.o(.text)
    EXTI0_IRQHandler                         0x080001b3   Thumb Code     0  startup_stm32f103xb.o(.text)
    EXTI15_10_IRQHandler                     0x080001b3   Thumb Code     0  startup_stm32f103xb.o(.text)
    EXTI1_IRQHandler                         0x080001b3   Thumb Code     0  startup_stm32f103xb.o(.text)
    EXTI2_IRQHandler                         0x080001b3   Thumb Code     0  startup_stm32f103xb.o(.text)
    EXTI3_IRQHandler                         0x080001b3   Thumb Code     0  startup_stm32f103xb.o(.text)
    EXTI4_IRQHandler                         0x080001b3   Thumb Code     0  startup_stm32f103xb.o(.text)
    EXTI9_5_IRQHandler                       0x080001b3   Thumb Code     0  startup_stm32f103xb.o(.text)
    FLASH_IRQHandler                         0x080001b3   Thumb Code     0  startup_stm32f103xb.o(.text)
    I2C1_ER_IRQHandler                       0x080001b3   Thumb Code     0  startup_stm32f103xb.o(.text)
    I2C2_ER_IRQHandler                       0x080001b3   Thumb Code     0  startup_stm32f103xb.o(.text)
    I2C2_EV_IRQHandler                       0x080001b3   Thumb Code     0  startup_stm32f103xb.o(.text)
    PVD_IRQHandler                           0x080001b3   Thumb Code     0  startup_stm32f103xb.o(.text)
    RCC_IRQHandler                           0x080001b3   Thumb Code     0  startup_stm32f103xb.o(.text)
    RTC_Alarm_IRQHandler                     0x080001b3   Thumb Code     0  startup_stm32f103xb.o(.text)
    SPI1_IRQHandler                          0x080001b3   Thumb Code     0  startup_stm32f103xb.o(.text)
    SPI2_IRQHandler                          0x080001b3   Thumb Code     0  startup_stm32f103xb.o(.text)
    TAMPER_IRQHandler                        0x080001b3   Thumb Code     0  startup_stm32f103xb.o(.text)
    TIM1_BRK_IRQHandler                      0x080001b3   Thumb Code     0  startup_stm32f103xb.o(.text)
    TIM1_CC_IRQHandler                       0x080001b3   Thumb Code     0  startup_stm32f103xb.o(.text)
    TIM1_TRG_COM_IRQHandler                  0x080001b3   Thumb Code     0  startup_stm32f103xb.o(.text)
    TIM1_UP_IRQHandler                       0x080001b3   Thumb Code     0  startup_stm32f103xb.o(.text)
    TIM3_IRQHandler                          0x080001b3   Thumb Code     0  startup_stm32f103xb.o(.text)
    TIM4_IRQHandler                          0x080001b3   Thumb Code     0  startup_stm32f103xb.o(.text)
    USART2_IRQHandler                        0x080001b3   Thumb Code     0  startup_stm32f103xb.o(.text)
    USART3_IRQHandler                        0x080001b3   Thumb Code     0  startup_stm32f103xb.o(.text)
    USBWakeUp_IRQHandler                     0x080001b3   Thumb Code     0  startup_stm32f103xb.o(.text)
    USB_HP_CAN1_TX_IRQHandler                0x080001b3   Thumb Code     0  startup_stm32f103xb.o(.text)
    USB_LP_CAN1_RX0_IRQHandler               0x080001b3   Thumb Code     0  startup_stm32f103xb.o(.text)
    WWDG_IRQHandler                          0x080001b3   Thumb Code     0  startup_stm32f103xb.o(.text)
    __aeabi_ldivmod                          0x080001bd   Thumb Code    98  ldiv.o(.text)
    __aeabi_llsr                             0x0800021f   Thumb Code    32  llushr.o(.text)
    _ll_ushift_r                             0x0800021f   Thumb Code     0  llushr.o(.text)
    __aeabi_memcpy                           0x0800023f   Thumb Code    36  memcpya.o(.text)
    __aeabi_memcpy4                          0x0800023f   Thumb Code     0  memcpya.o(.text)
    __aeabi_memcpy8                          0x0800023f   Thumb Code     0  memcpya.o(.text)
    __aeabi_memset                           0x08000263   Thumb Code    14  memseta.o(.text)
    __aeabi_memset4                          0x08000263   Thumb Code     0  memseta.o(.text)
    __aeabi_memset8                          0x08000263   Thumb Code     0  memseta.o(.text)
    __aeabi_memclr                           0x08000271   Thumb Code     4  memseta.o(.text)
    __aeabi_memclr4                          0x08000271   Thumb Code     0  memseta.o(.text)
    __aeabi_memclr8                          0x08000271   Thumb Code     0  memseta.o(.text)
    memset                                   0x08000275   Thumb Code    18  memseta.o(.text)
    strlen                                   0x08000287   Thumb Code    14  strlen.o(.text)
    __aeabi_fmul                             0x08000295   Thumb Code   100  fmul.o(.text)
    __aeabi_fdiv                             0x080002f9   Thumb Code   124  fdiv.o(.text)
    __ARM_scalbnf                            0x08000375   Thumb Code    24  fscalb.o(.text)
    scalbnf                                  0x08000375   Thumb Code     0  fscalb.o(.text)
    __aeabi_dadd                             0x0800038d   Thumb Code   322  dadd.o(.text)
    __aeabi_dsub                             0x080004cf   Thumb Code     6  dadd.o(.text)
    __aeabi_drsub                            0x080004d5   Thumb Code     6  dadd.o(.text)
    __aeabi_dmul                             0x080004db   Thumb Code   228  dmul.o(.text)
    __aeabi_i2f                              0x080005bf   Thumb Code    18  fflti.o(.text)
    __aeabi_ui2f                             0x080005d1   Thumb Code    10  ffltui.o(.text)
    __aeabi_f2iz                             0x080005db   Thumb Code    50  ffixi.o(.text)
    __aeabi_f2d                              0x0800060d   Thumb Code    38  f2d.o(.text)
    __aeabi_uidiv                            0x08000633   Thumb Code     0  uidiv.o(.text)
    __aeabi_uidivmod                         0x08000633   Thumb Code    44  uidiv.o(.text)
    __aeabi_uldivmod                         0x0800065f   Thumb Code    98  uldiv.o(.text)
    __aeabi_llsl                             0x080006c1   Thumb Code    30  llshl.o(.text)
    _ll_shift_l                              0x080006c1   Thumb Code     0  llshl.o(.text)
    __aeabi_lasr                             0x080006df   Thumb Code    36  llsshr.o(.text)
    _ll_sshift_r                             0x080006df   Thumb Code     0  llsshr.o(.text)
    __I$use$fp                               0x08000703   Thumb Code     0  iusefp.o(.text)
    _float_round                             0x08000703   Thumb Code    18  fepilogue.o(.text)
    _float_epilogue                          0x08000715   Thumb Code    92  fepilogue.o(.text)
    _double_round                            0x08000771   Thumb Code    30  depilogue.o(.text)
    _double_epilogue                         0x0800078f   Thumb Code   156  depilogue.o(.text)
    __aeabi_ddiv                             0x0800082b   Thumb Code   222  ddiv.o(.text)
    __aeabi_d2ulz                            0x08000909   Thumb Code    48  dfixul.o(.text)
    __aeabi_cdrcmple                         0x08000939   Thumb Code    48  cdrcmple.o(.text)
    __scatterload                            0x08000969   Thumb Code    28  init.o(.text)
    __scatterload_rt2                        0x08000969   Thumb Code     0  init.o(.text)
    BusFault_Handler                         0x0800098d   Thumb Code     2  stm32f1xx_it.o(i.BusFault_Handler)
    DebugMon_Handler                         0x0800098f   Thumb Code     2  stm32f1xx_it.o(i.DebugMon_Handler)
    HAL_DMA_Abort_IT                         0x08000991   Thumb Code   148  stm32f1xx_hal_dma.o(i.HAL_DMA_Abort_IT)
    HAL_DMA_GetState                         0x08000a29   Thumb Code     6  stm32f1xx_hal_dma.o(i.HAL_DMA_GetState)
    HAL_Delay                                0x08000a31   Thumb Code    32  stm32f1xx_hal.o(i.HAL_Delay)
    HAL_GPIO_Init                            0x08000a55   Thumb Code   446  stm32f1xx_hal_gpio.o(i.HAL_GPIO_Init)
    HAL_GPIO_WritePin                        0x08000c35   Thumb Code    10  stm32f1xx_hal_gpio.o(i.HAL_GPIO_WritePin)
    HAL_GetTick                              0x08000c41   Thumb Code     6  stm32f1xx_hal.o(i.HAL_GetTick)
    HAL_I2C_AbortCpltCallback                0x08000c4d   Thumb Code     2  stm32f1xx_hal_i2c.o(i.HAL_I2C_AbortCpltCallback)
    HAL_I2C_AddrCallback                     0x08000c4f   Thumb Code     2  stm32f1xx_hal_i2c.o(i.HAL_I2C_AddrCallback)
    HAL_I2C_EV_IRQHandler                    0x08000c51   Thumb Code   614  stm32f1xx_hal_i2c.o(i.HAL_I2C_EV_IRQHandler)
    HAL_I2C_ErrorCallback                    0x08000eb7   Thumb Code     2  stm32f1xx_hal_i2c.o(i.HAL_I2C_ErrorCallback)
    HAL_I2C_Init                             0x08000eb9   Thumb Code   376  stm32f1xx_hal_i2c.o(i.HAL_I2C_Init)
    HAL_I2C_ListenCpltCallback               0x08001041   Thumb Code     2  stm32f1xx_hal_i2c.o(i.HAL_I2C_ListenCpltCallback)
    HAL_I2C_MasterRxCpltCallback             0x08001043   Thumb Code     2  stm32f1xx_hal_i2c.o(i.HAL_I2C_MasterRxCpltCallback)
    HAL_I2C_MasterTxCpltCallback             0x08001045   Thumb Code     2  stm32f1xx_hal_i2c.o(i.HAL_I2C_MasterTxCpltCallback)
    HAL_I2C_MemRxCpltCallback                0x08001047   Thumb Code     2  stm32f1xx_hal_i2c.o(i.HAL_I2C_MemRxCpltCallback)
    HAL_I2C_MemTxCpltCallback                0x08001049   Thumb Code     2  stm32f1xx_hal_i2c.o(i.HAL_I2C_MemTxCpltCallback)
    HAL_I2C_Mem_Read                         0x0800104d   Thumb Code   574  stm32f1xx_hal_i2c.o(i.HAL_I2C_Mem_Read)
    HAL_I2C_Mem_Write                        0x0800129d   Thumb Code   294  stm32f1xx_hal_i2c.o(i.HAL_I2C_Mem_Write)
    HAL_I2C_MspInit                          0x080013cd   Thumb Code    96  stm32f1xx_hal_msp.o(i.HAL_I2C_MspInit)
    HAL_I2C_SlaveRxCpltCallback              0x08001439   Thumb Code     2  stm32f1xx_hal_i2c.o(i.HAL_I2C_SlaveRxCpltCallback)
    HAL_I2C_SlaveTxCpltCallback              0x0800143b   Thumb Code     2  stm32f1xx_hal_i2c.o(i.HAL_I2C_SlaveTxCpltCallback)
    HAL_IncTick                              0x0800143d   Thumb Code    12  stm32f1xx_hal.o(i.HAL_IncTick)
    HAL_Init                                 0x0800144d   Thumb Code    32  stm32f1xx_hal.o(i.HAL_Init)
    HAL_InitTick                             0x08001471   Thumb Code   102  stm32f1xx_hal_timebase_tim.o(i.HAL_InitTick)
    HAL_MspInit                              0x080014e5   Thumb Code    62  stm32f1xx_hal_msp.o(i.HAL_MspInit)
    HAL_NVIC_EnableIRQ                       0x0800152d   Thumb Code    26  stm32f1xx_hal_cortex.o(i.HAL_NVIC_EnableIRQ)
    HAL_NVIC_SetPriority                     0x08001549   Thumb Code    60  stm32f1xx_hal_cortex.o(i.HAL_NVIC_SetPriority)
    HAL_NVIC_SetPriorityGrouping             0x08001589   Thumb Code    26  stm32f1xx_hal_cortex.o(i.HAL_NVIC_SetPriorityGrouping)
    HAL_PWR_EnableBkUpAccess                 0x080015ad   Thumb Code     8  stm32f1xx_hal_pwr.o(i.HAL_PWR_EnableBkUpAccess)
    HAL_RCCEx_GetPeriphCLKFreq               0x080015b9   Thumb Code   166  stm32f1xx_hal_rcc_ex.o(i.HAL_RCCEx_GetPeriphCLKFreq)
    HAL_RCCEx_PeriphCLKConfig                0x08001681   Thumb Code   224  stm32f1xx_hal_rcc_ex.o(i.HAL_RCCEx_PeriphCLKConfig)
    HAL_RCC_ClockConfig                      0x0800176d   Thumb Code   280  stm32f1xx_hal_rcc.o(i.HAL_RCC_ClockConfig)
    HAL_RCC_GetClockConfig                   0x08001899   Thumb Code    54  stm32f1xx_hal_rcc.o(i.HAL_RCC_GetClockConfig)
    HAL_RCC_GetPCLK1Freq                     0x080018d9   Thumb Code    20  stm32f1xx_hal_rcc.o(i.HAL_RCC_GetPCLK1Freq)
    HAL_RCC_GetPCLK2Freq                     0x080018f9   Thumb Code    20  stm32f1xx_hal_rcc.o(i.HAL_RCC_GetPCLK2Freq)
    HAL_RCC_GetSysClockFreq                  0x08001919   Thumb Code    74  stm32f1xx_hal_rcc.o(i.HAL_RCC_GetSysClockFreq)
    HAL_RCC_OscConfig                        0x08001985   Thumb Code   778  stm32f1xx_hal_rcc.o(i.HAL_RCC_OscConfig)
    HAL_RTCEx_RTCEventCallback               0x08001ca5   Thumb Code     2  stm32f1xx_hal_rtc_ex.o(i.HAL_RTCEx_RTCEventCallback)
    HAL_RTCEx_RTCEventErrorCallback          0x08001ca7   Thumb Code     2  stm32f1xx_hal_rtc_ex.o(i.HAL_RTCEx_RTCEventErrorCallback)
    HAL_RTCEx_RTCIRQHandler                  0x08001ca9   Thumb Code    60  stm32f1xx_hal_rtc_ex.o(i.HAL_RTCEx_RTCIRQHandler)
    HAL_RTC_GetDate                          0x08001ce5   Thumb Code    78  stm32f1xx_hal_rtc.o(i.HAL_RTC_GetDate)
    HAL_RTC_GetTime                          0x08001d33   Thumb Code   216  stm32f1xx_hal_rtc.o(i.HAL_RTC_GetTime)
    HAL_RTC_Init                             0x08001e0d   Thumb Code   154  stm32f1xx_hal_rtc.o(i.HAL_RTC_Init)
    HAL_RTC_MspInit                          0x08001ead   Thumb Code    60  stm32f1xx_hal_msp.o(i.HAL_RTC_MspInit)
    HAL_RTC_SetDate                          0x08001ef5   Thumb Code   192  stm32f1xx_hal_rtc.o(i.HAL_RTC_SetDate)
    HAL_RTC_SetTime                          0x08001fb9   Thumb Code   168  stm32f1xx_hal_rtc.o(i.HAL_RTC_SetTime)
    HAL_RTC_WaitForSynchro                   0x08002065   Thumb Code    58  stm32f1xx_hal_rtc.o(i.HAL_RTC_WaitForSynchro)
    HAL_SPI_Init                             0x0800209f   Thumb Code   178  stm32f1xx_hal_spi.o(i.HAL_SPI_Init)
    HAL_SPI_MspInit                          0x08002151   Thumb Code    98  stm32f1xx_hal_msp.o(i.HAL_SPI_MspInit)
    HAL_SPI_Receive                          0x080021c1   Thumb Code   346  stm32f1xx_hal_spi.o(i.HAL_SPI_Receive)
    HAL_SPI_Transmit                         0x0800231b   Thumb Code   358  stm32f1xx_hal_spi.o(i.HAL_SPI_Transmit)
    HAL_SPI_TransmitReceive                  0x08002481   Thumb Code   482  stm32f1xx_hal_spi.o(i.HAL_SPI_TransmitReceive)
    HAL_TIMEx_BreakCallback                  0x08002663   Thumb Code     2  stm32f1xx_hal_tim_ex.o(i.HAL_TIMEx_BreakCallback)
    HAL_TIMEx_CommutCallback                 0x08002665   Thumb Code     2  stm32f1xx_hal_tim_ex.o(i.HAL_TIMEx_CommutCallback)
    HAL_TIM_Base_Init                        0x08002667   Thumb Code    90  stm32f1xx_hal_tim.o(i.HAL_TIM_Base_Init)
    HAL_TIM_Base_MspInit                     0x080026c1   Thumb Code     2  stm32f1xx_hal_tim.o(i.HAL_TIM_Base_MspInit)
    HAL_TIM_Base_Start_IT                    0x080026c5   Thumb Code    76  stm32f1xx_hal_tim.o(i.HAL_TIM_Base_Start_IT)
    HAL_TIM_IC_CaptureCallback               0x0800271d   Thumb Code     2  stm32f1xx_hal_tim.o(i.HAL_TIM_IC_CaptureCallback)
    HAL_TIM_IRQHandler                       0x0800271f   Thumb Code   358  stm32f1xx_hal_tim.o(i.HAL_TIM_IRQHandler)
    HAL_TIM_OC_DelayElapsedCallback          0x08002885   Thumb Code     2  stm32f1xx_hal_tim.o(i.HAL_TIM_OC_DelayElapsedCallback)
    HAL_TIM_PWM_PulseFinishedCallback        0x08002887   Thumb Code     2  stm32f1xx_hal_tim.o(i.HAL_TIM_PWM_PulseFinishedCallback)
    HAL_TIM_PeriodElapsedCallback            0x08002889   Thumb Code    14  main.o(i.HAL_TIM_PeriodElapsedCallback)
    HAL_TIM_TriggerCallback                  0x08002897   Thumb Code     2  stm32f1xx_hal_tim.o(i.HAL_TIM_TriggerCallback)
    HAL_UART_ErrorCallback                   0x08002899   Thumb Code     2  stm32f1xx_hal_uart.o(i.HAL_UART_ErrorCallback)
    HAL_UART_IRQHandler                      0x0800289d   Thumb Code   344  stm32f1xx_hal_uart.o(i.HAL_UART_IRQHandler)
    HAL_UART_Init                            0x080029f9   Thumb Code    98  stm32f1xx_hal_uart.o(i.HAL_UART_Init)
    HAL_UART_MspInit                         0x08002a5d   Thumb Code   116  stm32f1xx_hal_msp.o(i.HAL_UART_MspInit)
    HAL_UART_RxCpltCallback                  0x08002add   Thumb Code     2  stm32f1xx_hal_uart.o(i.HAL_UART_RxCpltCallback)
    HAL_UART_Transmit                        0x08002ae1   Thumb Code   178  stm32f1xx_hal_uart.o(i.HAL_UART_Transmit)
    HAL_UART_TxCpltCallback                  0x08002b93   Thumb Code     2  stm32f1xx_hal_uart.o(i.HAL_UART_TxCpltCallback)
    HardFault_Handler                        0x08002b95   Thumb Code     2  stm32f1xx_it.o(i.HardFault_Handler)
    I2C1_EV_IRQHandler                       0x08002b99   Thumb Code     6  stm32f1xx_it.o(i.I2C1_EV_IRQHandler)
    MemManage_Handler                        0x08003995   Thumb Code     2  stm32f1xx_it.o(i.MemManage_Handler)
    NMI_Handler                              0x08003997   Thumb Code     2  stm32f1xx_it.o(i.NMI_Handler)
    RTC_IRQHandler                           0x08003add   Thumb Code     6  stm32f1xx_it.o(i.RTC_IRQHandler)
    StartDefaultTask                         0x08003cf1   Thumb Code     8  main.o(i.StartDefaultTask)
    StartTask_bme280_get_result              0x08003cf9   Thumb Code   116  main.o(i.StartTask_bme280_get_result)
    StartTask_nrf24_rx                       0x08003d99   Thumb Code    48  main.o(i.StartTask_nrf24_rx)
    StartTask_show_time                      0x08003dd9   Thumb Code    96  main.o(i.StartTask_show_time)
    SysTick_Handler                          0x08003e71   Thumb Code    38  port.o(i.SysTick_Handler)
    SystemClock_Config                       0x08003e9d   Thumb Code   128  main.o(i.SystemClock_Config)
    SystemInit                               0x08003f1d   Thumb Code     2  system_stm32f1xx.o(i.SystemInit)
    TIM2_IRQHandler                          0x08003f21   Thumb Code     6  stm32f1xx_it.o(i.TIM2_IRQHandler)
    TIM_Base_SetConfig                       0x08003f2d   Thumb Code    94  stm32f1xx_hal_tim.o(i.TIM_Base_SetConfig)
    USART1_IRQHandler                        0x0800416d   Thumb Code     6  stm32f1xx_it.o(i.USART1_IRQHandler)
    UsageFault_Handler                       0x08004179   Thumb Code     2  stm32f1xx_it.o(i.UsageFault_Handler)
    __0sprintf                               0x0800417d   Thumb Code    34  printfa.o(i.__0sprintf)
    __1sprintf                               0x0800417d   Thumb Code     0  printfa.o(i.__0sprintf)
    __2sprintf                               0x0800417d   Thumb Code     0  printfa.o(i.__0sprintf)
    __c89sprintf                             0x0800417d   Thumb Code     0  printfa.o(i.__0sprintf)
    sprintf                                  0x0800417d   Thumb Code     0  printfa.o(i.__0sprintf)
    __scatterload_copy                       0x080041c5   Thumb Code    14  handlers.o(i.__scatterload_copy)
    __scatterload_null                       0x080041d3   Thumb Code     2  handlers.o(i.__scatterload_null)
    __scatterload_zeroinit                   0x080041d5   Thumb Code    14  handlers.o(i.__scatterload_zeroinit)
    bme280_get_meas                          0x08004aa1   Thumb Code   628  bme280.o(i.bme280_get_meas)
    bme280_init                              0x08004d2d   Thumb Code   100  bme280.o(i.bme280_init)
    bme280_read_coeffs                       0x08004da9   Thumb Code   832  bme280.o(i.bme280_read_coeffs)
    bme280_read_reg                          0x08005211   Thumb Code    38  bme280.o(i.bme280_read_reg)
    bme280_read_reg_be_s2b                   0x0800523d   Thumb Code    22  bme280.o(i.bme280_read_reg_be_s2b)
    bme280_read_reg_be_u3b                   0x08005253   Thumb Code    36  bme280.o(i.bme280_read_reg_be_u3b)
    bme280_read_reg_s2b                      0x08005277   Thumb Code    10  bme280.o(i.bme280_read_reg_s2b)
    bme280_read_reg_u2b                      0x08005281   Thumb Code    10  bme280.o(i.bme280_read_reg_u2b)
    bme280_read_status                       0x0800528b   Thumb Code    14  bme280.o(i.bme280_read_status)
    bme280_set_filter                        0x08005299   Thumb Code    30  bme280.o(i.bme280_set_filter)
    bme280_set_mode                          0x080052b7   Thumb Code    30  bme280.o(i.bme280_set_mode)
    bme280_set_oversamp_humidity             0x080052d5   Thumb Code    44  bme280.o(i.bme280_set_oversamp_humidity)
    bme280_set_oversamp_pressure             0x08005301   Thumb Code    30  bme280.o(i.bme280_set_oversamp_pressure)
    bme280_set_oversamp_tempreture           0x0800531f   Thumb Code    30  bme280.o(i.bme280_set_oversamp_tempreture)
    bme280_set_standby                       0x0800533d   Thumb Code    30  bme280.o(i.bme280_set_standby)
    bme280_wr_reg                            0x0800535d   Thumb Code    32  bme280.o(i.bme280_wr_reg)
    configureTimerForRunTimeStats            0x08005381   Thumb Code     2  freertos.o(i.configureTimerForRunTimeStats)
    getRunTimeCounterValue                   0x08005383   Thumb Code     4  freertos.o(i.getRunTimeCounterValue)
    main                                     0x080053c9   Thumb Code   202  main.o(i.main)
    nextion_send_str                         0x080054b9   Thumb Code    54  main.o(i.nextion_send_str)
    nrf24_ACTIVATE_cmd                       0x08005505   Thumb Code    40  nrf24.o(i.nrf24_ACTIVATE_cmd)
    nrf24_DelayMicroSeconds                  0x08005531   Thumb Code    18  nrf24.o(i.nrf24_DelayMicroSeconds)
    nrf24_available                          0x0800554d   Thumb Code     6  nrf24.o(i.nrf24_available)
    nrf24_availablePipe                      0x08005553   Thumb Code    48  nrf24.o(i.nrf24_availablePipe)
    nrf24_begin                              0x08005585   Thumb Code   388  nrf24.o(i.nrf24_begin)
    nrf24_ce                                 0x08005711   Thumb Code    16  nrf24.o(i.nrf24_ce)
    nrf24_csn                                0x08005725   Thumb Code    16  nrf24.o(i.nrf24_csn)
    nrf24_disableDynamicPayloads             0x08005739   Thumb Code    34  nrf24.o(i.nrf24_disableDynamicPayloads)
    nrf24_enableAckPayload                   0x08005761   Thumb Code    66  nrf24.o(i.nrf24_enableAckPayload)
    nrf24_flush_rx                           0x080057a3   Thumb Code     8  nrf24.o(i.nrf24_flush_rx)
    nrf24_flush_tx                           0x080057ab   Thumb Code     8  nrf24.o(i.nrf24_flush_tx)
    nrf24_get_status                         0x080057b3   Thumb Code     6  nrf24.o(i.nrf24_get_status)
    nrf24_init                               0x080057b9   Thumb Code   132  main.o(i.nrf24_init)
    nrf24_openReadingPipe                    0x08005849   Thumb Code    78  nrf24.o(i.nrf24_openReadingPipe)
    nrf24_powerDown                          0x080058a1   Thumb Code    22  nrf24.o(i.nrf24_powerDown)
    nrf24_read                               0x080058b7   Thumb Code    36  nrf24.o(i.nrf24_read)
    nrf24_read_payload                       0x080058dd   Thumb Code    58  nrf24.o(i.nrf24_read_payload)
    nrf24_read_register                      0x08005921   Thumb Code    58  nrf24.o(i.nrf24_read_register)
    nrf24_read_registerN                     0x08005961   Thumb Code    54  nrf24.o(i.nrf24_read_registerN)
    nrf24_resetStatus                        0x0800599d   Thumb Code     8  nrf24.o(i.nrf24_resetStatus)
    nrf24_setAutoAck                         0x080059a5   Thumb Code    14  nrf24.o(i.nrf24_setAutoAck)
    nrf24_setCRCLength                       0x080059b3   Thumb Code    40  nrf24.o(i.nrf24_setCRCLength)
    nrf24_setChannel                         0x080059db   Thumb Code    14  nrf24.o(i.nrf24_setChannel)
    nrf24_setDataRate                        0x080059e9   Thumb Code    86  nrf24.o(i.nrf24_setDataRate)
    nrf24_setPALevel                         0x08005a45   Thumb Code    60  nrf24.o(i.nrf24_setPALevel)
    nrf24_setPayloadSize                     0x08005a81   Thumb Code    12  nrf24.o(i.nrf24_setPayloadSize)
    nrf24_setRetries                         0x08005a91   Thumb Code    14  nrf24.o(i.nrf24_setRetries)
    nrf24_startListening                     0x08005aa1   Thumb Code    64  nrf24.o(i.nrf24_startListening)
    nrf24_write_register                     0x08005ae5   Thumb Code    44  nrf24.o(i.nrf24_write_register)
    nrf24_write_registerN                    0x08005b15   Thumb Code    54  nrf24.o(i.nrf24_write_registerN)
    osDelay                                  0x08005b51   Thumb Code    14  cmsis_os.o(i.osDelay)
    osKernelStart                            0x08005b5f   Thumb Code    10  cmsis_os.o(i.osKernelStart)
    osThreadCreate                           0x08005b69   Thumb Code    84  cmsis_os.o(i.osThreadCreate)
    printRadioSettings                       0x08005bbd   Thumb Code  1890  nrf24.o(i.printRadioSettings)
    pvPortMalloc                             0x080066e1   Thumb Code   210  heap_4.o(i.pvPortMalloc)
    pxPortInitialiseStack                    0x080067b9   Thumb Code    32  port.o(i.pxPortInitialiseStack)
    uxListRemove                             0x080067dd   Thumb Code    38  list.o(i.uxListRemove)
    vApplicationGetIdleTaskMemory            0x08006805   Thumb Code    16  freertos.o(i.vApplicationGetIdleTaskMemory)
    vListInitialise                          0x08006819   Thumb Code    22  list.o(i.vListInitialise)
    vListInitialiseItem                      0x0800682f   Thumb Code     6  list.o(i.vListInitialiseItem)
    vListInsert                              0x08006835   Thumb Code    48  list.o(i.vListInsert)
    vListInsertEnd                           0x08006865   Thumb Code    24  list.o(i.vListInsertEnd)
    vPortEnterCritical                       0x0800687d   Thumb Code    54  port.o(i.vPortEnterCritical)
    vPortExitCritical                        0x080068bd   Thumb Code    34  port.o(i.vPortExitCritical)
    vPortFree                                0x080068e5   Thumb Code    88  heap_4.o(i.vPortFree)
    vPortSetupTimerInterrupt                 0x08006941   Thumb Code    32  port.o(i.vPortSetupTimerInterrupt)
    vTaskDelay                               0x08006965   Thumb Code    66  tasks.o(i.vTaskDelay)
    vTaskStartScheduler                      0x080069b1   Thumb Code    94  tasks.o(i.vTaskStartScheduler)
    vTaskSuspendAll                          0x08006a21   Thumb Code    10  tasks.o(i.vTaskSuspendAll)
    vTaskSwitchContext                       0x08006a31   Thumb Code   108  tasks.o(i.vTaskSwitchContext)
    xPortStartScheduler                      0x08006aa5   Thumb Code   154  port.o(i.xPortStartScheduler)
    xTaskCreate                              0x08006b4d   Thumb Code    90  tasks.o(i.xTaskCreate)
    xTaskCreateStatic                        0x08006ba7   Thumb Code    86  tasks.o(i.xTaskCreateStatic)
    xTaskIncrementTick                       0x08006bfd   Thumb Code   192  tasks.o(i.xTaskIncrementTick)
    xTaskResumeAll                           0x08006cc5   Thumb Code   182  tasks.o(i.xTaskResumeAll)
    AHBPrescTable                            0x08006e08   Data          16  system_stm32f1xx.o(.constdata)
    APBPrescTable                            0x08006e18   Data           8  system_stm32f1xx.o(.constdata)
    Region$$Table$$Base                      0x08006f30   Number         0  anon$$obj.o(Region$$Table)
    Region$$Table$$Limit                     0x08006f50   Number         0  anon$$obj.o(Region$$Table)
    temper_int                               0x20000000   Data           4  bme280.o(.data)
    cmd_end                                  0x20000020   Data           3  main.o(.data)
    sTime                                    0x20000023   Data           3  main.o(.data)
    DateToUpdate                             0x20000026   Data           4  main.o(.data)
    defaultTaskHandle                        0x2000002c   Data           4  main.o(.data)
    bme280_get_resHandle                     0x20000030   Data           4  main.o(.data)
    show_timeHandle                          0x20000034   Data           4  main.o(.data)
    nrf24_rxHandle                           0x20000038   Data           4  main.o(.data)
    RxpipeAddrs                              0x20000040   Data           8  main.o(.data)
    uwTickFreq                               0x20000048   Data           1  stm32f1xx_hal.o(.data)
    uwTickPrio                               0x2000004c   Data           4  stm32f1xx_hal.o(.data)
    uwTick                                   0x20000050   Data           4  stm32f1xx_hal.o(.data)
    SystemCoreClock                          0x20000054   Data           4  system_stm32f1xx.o(.data)
    pxCurrentTCB                             0x20000058   Data           4  tasks.o(.data)
    bme_str                                  0x200000c0   Data          50  bme280.o(.bss)
    cal_data                                 0x200000f2   Data          36  bme280.o(.bss)
    hi2c1                                    0x200001b0   Data          84  main.o(.bss)
    hrtc                                     0x20000204   Data          20  main.o(.bss)
    hspi1                                    0x20000218   Data          88  main.o(.bss)
    huart1                                   0x20000270   Data          64  main.o(.bss)
    temp_str                                 0x200002b0   Data          60  main.o(.bss)
    RxData                                   0x200002ec   Data          50  main.o(.bss)
    bmp                                      0x20000320   Data          12  main.o(.bss)
    htim2                                    0x2000048c   Data          72  stm32f1xx_hal_timebase_tim.o(.bss)
    __initial_sp                             0x20001588   Data           0  startup_stm32f103xb.o(STACK)



==============================================================================

Memory Map of the image

  Image Entry point : 0x080000ed

  Load Region LR_IROM1 (Base: 0x08000000, Size: 0x00007010, Max: 0x00010000, ABSOLUTE)

    Execution Region ER_IROM1 (Exec base: 0x08000000, Load base: 0x08000000, Size: 0x00006f50, Max: 0x00010000, ABSOLUTE)

    Exec Addr    Load Addr    Size         Type   Attr      Idx    E Section Name        Object

    0x08000000   0x08000000   0x000000ec   Data   RO            3    RESET               startup_stm32f103xb.o
    0x080000ec   0x080000ec   0x00000000   Code   RO         5751  * .ARM.Collect$$$$00000000  mc_w.l(entry.o)
    0x080000ec   0x080000ec   0x00000004   Code   RO         6078    .ARM.Collect$$$$00000001  mc_w.l(entry2.o)
    0x080000f0   0x080000f0   0x00000004   Code   RO         6081    .ARM.Collect$$$$00000004  mc_w.l(entry5.o)
    0x080000f4   0x080000f4   0x00000000   Code   RO         6083    .ARM.Collect$$$$00000008  mc_w.l(entry7b.o)
    0x080000f4   0x080000f4   0x00000000   Code   RO         6085    .ARM.Collect$$$$0000000A  mc_w.l(entry8b.o)
    0x080000f4   0x080000f4   0x00000008   Code   RO         6086    .ARM.Collect$$$$0000000B  mc_w.l(entry9a.o)
    0x080000fc   0x080000fc   0x00000000   Code   RO         6088    .ARM.Collect$$$$0000000D  mc_w.l(entry10a.o)
    0x080000fc   0x080000fc   0x00000000   Code   RO         6090    .ARM.Collect$$$$0000000F  mc_w.l(entry11a.o)
    0x080000fc   0x080000fc   0x00000004   Code   RO         6079    .ARM.Collect$$$$00002712  mc_w.l(entry2.o)
    0x08000100   0x08000100   0x00000096   Code   RO         5664    .emb_text           port.o
    0x08000196   0x08000196   0x00000002   PAD
    0x08000198   0x08000198   0x00000024   Code   RO            4    .text               startup_stm32f103xb.o
    0x080001bc   0x080001bc   0x00000062   Code   RO         5754    .text               mc_w.l(ldiv.o)
    0x0800021e   0x0800021e   0x00000020   Code   RO         5756    .text               mc_w.l(llushr.o)
    0x0800023e   0x0800023e   0x00000024   Code   RO         5758    .text               mc_w.l(memcpya.o)
    0x08000262   0x08000262   0x00000024   Code   RO         5762    .text               mc_w.l(memseta.o)
    0x08000286   0x08000286   0x0000000e   Code   RO         5764    .text               mc_w.l(strlen.o)
    0x08000294   0x08000294   0x00000064   Code   RO         6031    .text               mf_w.l(fmul.o)
    0x080002f8   0x080002f8   0x0000007c   Code   RO         6033    .text               mf_w.l(fdiv.o)
    0x08000374   0x08000374   0x00000018   Code   RO         6035    .text               mf_w.l(fscalb.o)
    0x0800038c   0x0800038c   0x0000014e   Code   RO         6037    .text               mf_w.l(dadd.o)
    0x080004da   0x080004da   0x000000e4   Code   RO         6039    .text               mf_w.l(dmul.o)
    0x080005be   0x080005be   0x00000012   Code   RO         6041    .text               mf_w.l(fflti.o)
    0x080005d0   0x080005d0   0x0000000a   Code   RO         6043    .text               mf_w.l(ffltui.o)
    0x080005da   0x080005da   0x00000032   Code   RO         6045    .text               mf_w.l(ffixi.o)
    0x0800060c   0x0800060c   0x00000026   Code   RO         6047    .text               mf_w.l(f2d.o)
    0x08000632   0x08000632   0x0000002c   Code   RO         6095    .text               mc_w.l(uidiv.o)
    0x0800065e   0x0800065e   0x00000062   Code   RO         6097    .text               mc_w.l(uldiv.o)
    0x080006c0   0x080006c0   0x0000001e   Code   RO         6099    .text               mc_w.l(llshl.o)
    0x080006de   0x080006de   0x00000024   Code   RO         6101    .text               mc_w.l(llsshr.o)
    0x08000702   0x08000702   0x00000000   Code   RO         6110    .text               mc_w.l(iusefp.o)
    0x08000702   0x08000702   0x0000006e   Code   RO         6111    .text               mf_w.l(fepilogue.o)
    0x08000770   0x08000770   0x000000ba   Code   RO         6113    .text               mf_w.l(depilogue.o)
    0x0800082a   0x0800082a   0x000000de   Code   RO         6115    .text               mf_w.l(ddiv.o)
    0x08000908   0x08000908   0x00000030   Code   RO         6121    .text               mf_w.l(dfixul.o)
    0x08000938   0x08000938   0x00000030   Code   RO         6123    .text               mf_w.l(cdrcmple.o)
    0x08000968   0x08000968   0x00000024   Code   RO         6125    .text               mc_w.l(init.o)
    0x0800098c   0x0800098c   0x00000002   Code   RO          816    i.BusFault_Handler  stm32f1xx_it.o
    0x0800098e   0x0800098e   0x00000002   Code   RO          817    i.DebugMon_Handler  stm32f1xx_it.o
    0x08000990   0x08000990   0x00000098   Code   RO         1425    i.HAL_DMA_Abort_IT  stm32f1xx_hal_dma.o
    0x08000a28   0x08000a28   0x00000006   Code   RO         1428    i.HAL_DMA_GetState  stm32f1xx_hal_dma.o
    0x08000a2e   0x08000a2e   0x00000002   PAD
    0x08000a30   0x08000a30   0x00000024   Code   RO         1052    i.HAL_Delay         stm32f1xx_hal.o
    0x08000a54   0x08000a54   0x000001e0   Code   RO         1360    i.HAL_GPIO_Init     stm32f1xx_hal_gpio.o
    0x08000c34   0x08000c34   0x0000000a   Code   RO         1364    i.HAL_GPIO_WritePin  stm32f1xx_hal_gpio.o
    0x08000c3e   0x08000c3e   0x00000002   PAD
    0x08000c40   0x08000c40   0x0000000c   Code   RO         1056    i.HAL_GetTick       stm32f1xx_hal.o
    0x08000c4c   0x08000c4c   0x00000002   Code   RO         2020    i.HAL_I2C_AbortCpltCallback  stm32f1xx_hal_i2c.o
    0x08000c4e   0x08000c4e   0x00000002   Code   RO         2021    i.HAL_I2C_AddrCallback  stm32f1xx_hal_i2c.o
    0x08000c50   0x08000c50   0x00000266   Code   RO         2025    i.HAL_I2C_EV_IRQHandler  stm32f1xx_hal_i2c.o
    0x08000eb6   0x08000eb6   0x00000002   Code   RO         2027    i.HAL_I2C_ErrorCallback  stm32f1xx_hal_i2c.o
    0x08000eb8   0x08000eb8   0x00000188   Code   RO         2031    i.HAL_I2C_Init      stm32f1xx_hal_i2c.o
    0x08001040   0x08001040   0x00000002   Code   RO         2033    i.HAL_I2C_ListenCpltCallback  stm32f1xx_hal_i2c.o
    0x08001042   0x08001042   0x00000002   Code   RO         2034    i.HAL_I2C_MasterRxCpltCallback  stm32f1xx_hal_i2c.o
    0x08001044   0x08001044   0x00000002   Code   RO         2035    i.HAL_I2C_MasterTxCpltCallback  stm32f1xx_hal_i2c.o
    0x08001046   0x08001046   0x00000002   Code   RO         2047    i.HAL_I2C_MemRxCpltCallback  stm32f1xx_hal_i2c.o
    0x08001048   0x08001048   0x00000002   Code   RO         2048    i.HAL_I2C_MemTxCpltCallback  stm32f1xx_hal_i2c.o
    0x0800104a   0x0800104a   0x00000002   PAD
    0x0800104c   0x0800104c   0x00000250   Code   RO         2049    i.HAL_I2C_Mem_Read  stm32f1xx_hal_i2c.o
    0x0800129c   0x0800129c   0x00000130   Code   RO         2052    i.HAL_I2C_Mem_Write  stm32f1xx_hal_i2c.o
    0x080013cc   0x080013cc   0x0000006c   Code   RO          899    i.HAL_I2C_MspInit   stm32f1xx_hal_msp.o
    0x08001438   0x08001438   0x00000002   Code   RO         2057    i.HAL_I2C_SlaveRxCpltCallback  stm32f1xx_hal_i2c.o
    0x0800143a   0x0800143a   0x00000002   Code   RO         2058    i.HAL_I2C_SlaveTxCpltCallback  stm32f1xx_hal_i2c.o
    0x0800143c   0x0800143c   0x00000010   Code   RO         1062    i.HAL_IncTick       stm32f1xx_hal.o
    0x0800144c   0x0800144c   0x00000024   Code   RO         1063    i.HAL_Init          stm32f1xx_hal.o
    0x08001470   0x08001470   0x00000074   Code   RO          970    i.HAL_InitTick      stm32f1xx_hal_timebase_tim.o
    0x080014e4   0x080014e4   0x00000048   Code   RO          900    i.HAL_MspInit       stm32f1xx_hal_msp.o
    0x0800152c   0x0800152c   0x0000001a   Code   RO         1520    i.HAL_NVIC_EnableIRQ  stm32f1xx_hal_cortex.o
    0x08001546   0x08001546   0x00000002   PAD
    0x08001548   0x08001548   0x00000040   Code   RO         1526    i.HAL_NVIC_SetPriority  stm32f1xx_hal_cortex.o
    0x08001588   0x08001588   0x00000024   Code   RO         1527    i.HAL_NVIC_SetPriorityGrouping  stm32f1xx_hal_cortex.o
    0x080015ac   0x080015ac   0x0000000c   Code   RO         1642    i.HAL_PWR_EnableBkUpAccess  stm32f1xx_hal_pwr.o
    0x080015b8   0x080015b8   0x000000c8   Code   RO         1322    i.HAL_RCCEx_GetPeriphCLKFreq  stm32f1xx_hal_rcc_ex.o
    0x08001680   0x08001680   0x000000ec   Code   RO         1323    i.HAL_RCCEx_PeriphCLKConfig  stm32f1xx_hal_rcc_ex.o
    0x0800176c   0x0800176c   0x0000012c   Code   RO         1220    i.HAL_RCC_ClockConfig  stm32f1xx_hal_rcc.o
    0x08001898   0x08001898   0x00000040   Code   RO         1224    i.HAL_RCC_GetClockConfig  stm32f1xx_hal_rcc.o
    0x080018d8   0x080018d8   0x00000020   Code   RO         1227    i.HAL_RCC_GetPCLK1Freq  stm32f1xx_hal_rcc.o
    0x080018f8   0x080018f8   0x00000020   Code   RO         1228    i.HAL_RCC_GetPCLK2Freq  stm32f1xx_hal_rcc.o
    0x08001918   0x08001918   0x0000006c   Code   RO         1229    i.HAL_RCC_GetSysClockFreq  stm32f1xx_hal_rcc.o
    0x08001984   0x08001984   0x00000320   Code   RO         1232    i.HAL_RCC_OscConfig  stm32f1xx_hal_rcc.o
    0x08001ca4   0x08001ca4   0x00000002   Code   RO         2622    i.HAL_RTCEx_RTCEventCallback  stm32f1xx_hal_rtc_ex.o
    0x08001ca6   0x08001ca6   0x00000002   Code   RO         2623    i.HAL_RTCEx_RTCEventErrorCallback  stm32f1xx_hal_rtc_ex.o
    0x08001ca8   0x08001ca8   0x0000003c   Code   RO         2624    i.HAL_RTCEx_RTCIRQHandler  stm32f1xx_hal_rtc_ex.o
    0x08001ce4   0x08001ce4   0x0000004e   Code   RO         2452    i.HAL_RTC_GetDate   stm32f1xx_hal_rtc.o
    0x08001d32   0x08001d32   0x000000d8   Code   RO         2454    i.HAL_RTC_GetTime   stm32f1xx_hal_rtc.o
    0x08001e0a   0x08001e0a   0x00000002   PAD
    0x08001e0c   0x08001e0c   0x000000a0   Code   RO         2455    i.HAL_RTC_Init      stm32f1xx_hal_rtc.o
    0x08001eac   0x08001eac   0x00000048   Code   RO          902    i.HAL_RTC_MspInit   stm32f1xx_hal_msp.o
    0x08001ef4   0x08001ef4   0x000000c4   Code   RO         2461    i.HAL_RTC_SetDate   stm32f1xx_hal_rtc.o
    0x08001fb8   0x08001fb8   0x000000ac   Code   RO         2462    i.HAL_RTC_SetTime   stm32f1xx_hal_rtc.o
    0x08002064   0x08002064   0x0000003a   Code   RO         2463    i.HAL_RTC_WaitForSynchro  stm32f1xx_hal_rtc.o
    0x0800209e   0x0800209e   0x000000b2   Code   RO         2730    i.HAL_SPI_Init      stm32f1xx_hal_spi.o
    0x08002150   0x08002150   0x00000070   Code   RO          904    i.HAL_SPI_MspInit   stm32f1xx_hal_msp.o
    0x080021c0   0x080021c0   0x0000015a   Code   RO         2733    i.HAL_SPI_Receive   stm32f1xx_hal_spi.o
    0x0800231a   0x0800231a   0x00000166   Code   RO         2738    i.HAL_SPI_Transmit  stm32f1xx_hal_spi.o
    0x08002480   0x08002480   0x000001e2   Code   RO         2739    i.HAL_SPI_TransmitReceive  stm32f1xx_hal_spi.o
    0x08002662   0x08002662   0x00000002   Code   RO         3747    i.HAL_TIMEx_BreakCallback  stm32f1xx_hal_tim_ex.o
    0x08002664   0x08002664   0x00000002   Code   RO         3748    i.HAL_TIMEx_CommutCallback  stm32f1xx_hal_tim_ex.o
    0x08002666   0x08002666   0x0000005a   Code   RO         3043    i.HAL_TIM_Base_Init  stm32f1xx_hal_tim.o
    0x080026c0   0x080026c0   0x00000002   Code   RO         3045    i.HAL_TIM_Base_MspInit  stm32f1xx_hal_tim.o
    0x080026c2   0x080026c2   0x00000002   PAD
    0x080026c4   0x080026c4   0x00000058   Code   RO         3048    i.HAL_TIM_Base_Start_IT  stm32f1xx_hal_tim.o
    0x0800271c   0x0800271c   0x00000002   Code   RO         3077    i.HAL_TIM_IC_CaptureCallback  stm32f1xx_hal_tim.o
    0x0800271e   0x0800271e   0x00000166   Code   RO         3091    i.HAL_TIM_IRQHandler  stm32f1xx_hal_tim.o
    0x08002884   0x08002884   0x00000002   Code   RO         3094    i.HAL_TIM_OC_DelayElapsedCallback  stm32f1xx_hal_tim.o
    0x08002886   0x08002886   0x00000002   Code   RO         3121    i.HAL_TIM_PWM_PulseFinishedCallback  stm32f1xx_hal_tim.o
    0x08002888   0x08002888   0x0000000e   Code   RO          618    i.HAL_TIM_PeriodElapsedCallback  main.o
    0x08002896   0x08002896   0x00000002   Code   RO         3134    i.HAL_TIM_TriggerCallback  stm32f1xx_hal_tim.o
    0x08002898   0x08002898   0x00000002   Code   RO         4035    i.HAL_UART_ErrorCallback  stm32f1xx_hal_uart.o
    0x0800289a   0x0800289a   0x00000002   PAD
    0x0800289c   0x0800289c   0x0000015c   Code   RO         4038    i.HAL_UART_IRQHandler  stm32f1xx_hal_uart.o
    0x080029f8   0x080029f8   0x00000062   Code   RO         4039    i.HAL_UART_Init     stm32f1xx_hal_uart.o
    0x08002a5a   0x08002a5a   0x00000002   PAD
    0x08002a5c   0x08002a5c   0x00000080   Code   RO          906    i.HAL_UART_MspInit  stm32f1xx_hal_msp.o
    0x08002adc   0x08002adc   0x00000002   Code   RO         4045    i.HAL_UART_RxCpltCallback  stm32f1xx_hal_uart.o
    0x08002ade   0x08002ade   0x00000002   PAD
    0x08002ae0   0x08002ae0   0x000000b2   Code   RO         4047    i.HAL_UART_Transmit  stm32f1xx_hal_uart.o
    0x08002b92   0x08002b92   0x00000002   Code   RO         4050    i.HAL_UART_TxCpltCallback  stm32f1xx_hal_uart.o
    0x08002b94   0x08002b94   0x00000002   Code   RO          818    i.HardFault_Handler  stm32f1xx_it.o
    0x08002b96   0x08002b96   0x00000002   PAD
    0x08002b98   0x08002b98   0x0000000c   Code   RO          819    i.I2C1_EV_IRQHandler  stm32f1xx_it.o
    0x08002ba4   0x08002ba4   0x000000bc   Code   RO         2069    i.I2C_DMAAbort      stm32f1xx_hal_i2c.o
    0x08002c60   0x08002c60   0x00000158   Code   RO         2072    i.I2C_ITError       stm32f1xx_hal_i2c.o
    0x08002db8   0x08002db8   0x0000002e   Code   RO         2073    i.I2C_IsAcknowledgeFailed  stm32f1xx_hal_i2c.o
    0x08002de6   0x08002de6   0x000000d2   Code   RO         2074    i.I2C_MasterReceive_BTF  stm32f1xx_hal_i2c.o
    0x08002eb8   0x08002eb8   0x000000e8   Code   RO         2075    i.I2C_MasterReceive_RXNE  stm32f1xx_hal_i2c.o
    0x08002fa0   0x08002fa0   0x00000074   Code   RO         2078    i.I2C_MasterTransmit_BTF  stm32f1xx_hal_i2c.o
    0x08003014   0x08003014   0x000000b6   Code   RO         2079    i.I2C_MasterTransmit_TXE  stm32f1xx_hal_i2c.o
    0x080030ca   0x080030ca   0x00000002   PAD
    0x080030cc   0x080030cc   0x00000158   Code   RO         2080    i.I2C_Master_ADDR   stm32f1xx_hal_i2c.o
    0x08003224   0x08003224   0x0000008c   Code   RO         2081    i.I2C_Master_SB     stm32f1xx_hal_i2c.o
    0x080032b0   0x080032b0   0x000000a0   Code   RO         2082    i.I2C_MemoryTransmit_TXE_BTF  stm32f1xx_hal_i2c.o
    0x08003350   0x08003350   0x000000fc   Code   RO         2083    i.I2C_RequestMemoryRead  stm32f1xx_hal_i2c.o
    0x0800344c   0x0800344c   0x000000a8   Code   RO         2084    i.I2C_RequestMemoryWrite  stm32f1xx_hal_i2c.o
    0x080034f4   0x080034f4   0x0000015c   Code   RO         2086    i.I2C_Slave_STOPF   stm32f1xx_hal_i2c.o
    0x08003650   0x08003650   0x0000004c   Code   RO         2087    i.I2C_WaitOnBTFFlagUntilTimeout  stm32f1xx_hal_i2c.o
    0x0800369c   0x0800369c   0x00000068   Code   RO         2088    i.I2C_WaitOnFlagUntilTimeout  stm32f1xx_hal_i2c.o
    0x08003704   0x08003704   0x00000096   Code   RO         2089    i.I2C_WaitOnMasterAddressFlagUntilTimeout  stm32f1xx_hal_i2c.o
    0x0800379a   0x0800379a   0x00000066   Code   RO         2090    i.I2C_WaitOnRXNEFlagUntilTimeout  stm32f1xx_hal_i2c.o
    0x08003800   0x08003800   0x0000004c   Code   RO         2091    i.I2C_WaitOnTXEFlagUntilTimeout  stm32f1xx_hal_i2c.o
    0x0800384c   0x0800384c   0x00000090   Code   RO          619    i.MX_GPIO_Init      main.o
    0x080038dc   0x080038dc   0x00000074   Code   RO          620    i.MX_RTC_Init       main.o
    0x08003950   0x08003950   0x00000044   Code   RO          621    i.MX_SPI1_Init      main.o
    0x08003994   0x08003994   0x00000002   Code   RO          820    i.MemManage_Handler  stm32f1xx_it.o
    0x08003996   0x08003996   0x00000002   Code   RO          821    i.NMI_Handler       stm32f1xx_it.o
    0x08003998   0x08003998   0x00000012   Code   RO         2464    i.RTC_Bcd2ToByte    stm32f1xx_hal_rtc.o
    0x080039aa   0x080039aa   0x00000016   Code   RO         2465    i.RTC_ByteToBcd2    stm32f1xx_hal_rtc.o
    0x080039c0   0x080039c0   0x000000ae   Code   RO         2466    i.RTC_DateUpdate    stm32f1xx_hal_rtc.o
    0x08003a6e   0x08003a6e   0x00000034   Code   RO         2467    i.RTC_EnterInitMode  stm32f1xx_hal_rtc.o
    0x08003aa2   0x08003aa2   0x00000002   PAD
    0x08003aa4   0x08003aa4   0x00000036   Code   RO         2468    i.RTC_ExitInitMode  stm32f1xx_hal_rtc.o
    0x08003ada   0x08003ada   0x00000002   PAD
    0x08003adc   0x08003adc   0x0000000c   Code   RO          822    i.RTC_IRQHandler    stm32f1xx_it.o
    0x08003ae8   0x08003ae8   0x0000000e   Code   RO         2469    i.RTC_ReadAlarmCounter  stm32f1xx_hal_rtc.o
    0x08003af6   0x08003af6   0x00000020   Code   RO         2470    i.RTC_ReadTimeCounter  stm32f1xx_hal_rtc.o
    0x08003b16   0x08003b16   0x00000056   Code   RO         2471    i.RTC_WeekDayNum    stm32f1xx_hal_rtc.o
    0x08003b6c   0x08003b6c   0x00000028   Code   RO         2472    i.RTC_WriteAlarmCounter  stm32f1xx_hal_rtc.o
    0x08003b94   0x08003b94   0x00000028   Code   RO         2473    i.RTC_WriteTimeCounter  stm32f1xx_hal_rtc.o
    0x08003bbc   0x08003bbc   0x0000005c   Code   RO         2767    i.SPI_EndRxTransaction  stm32f1xx_hal_spi.o
    0x08003c18   0x08003c18   0x00000020   Code   RO         2768    i.SPI_EndRxTxTransaction  stm32f1xx_hal_spi.o
    0x08003c38   0x08003c38   0x000000b8   Code   RO         2773    i.SPI_WaitFlagStateUntilTimeout  stm32f1xx_hal_spi.o
    0x08003cf0   0x08003cf0   0x00000008   Code   RO          622    i.StartDefaultTask  main.o
    0x08003cf8   0x08003cf8   0x000000a0   Code   RO          623    i.StartTask_bme280_get_result  main.o
    0x08003d98   0x08003d98   0x00000040   Code   RO          624    i.StartTask_nrf24_rx  main.o
    0x08003dd8   0x08003dd8   0x00000098   Code   RO          625    i.StartTask_show_time  main.o
    0x08003e70   0x08003e70   0x0000002c   Code   RO         5665    i.SysTick_Handler   port.o
    0x08003e9c   0x08003e9c   0x00000080   Code   RO          626    i.SystemClock_Config  main.o
    0x08003f1c   0x08003f1c   0x00000002   Code   RO         4336    i.SystemInit        system_stm32f1xx.o
    0x08003f1e   0x08003f1e   0x00000002   PAD
    0x08003f20   0x08003f20   0x0000000c   Code   RO          823    i.TIM2_IRQHandler   stm32f1xx_it.o
    0x08003f2c   0x08003f2c   0x0000006c   Code   RO         3136    i.TIM_Base_SetConfig  stm32f1xx_hal_tim.o
    0x08003f98   0x08003f98   0x00000010   Code   RO         4052    i.UART_DMAAbortOnError  stm32f1xx_hal_uart.o
    0x08003fa8   0x08003fa8   0x0000001c   Code   RO         4062    i.UART_EndRxTransfer  stm32f1xx_hal_uart.o
    0x08003fc4   0x08003fc4   0x0000008c   Code   RO         4064    i.UART_Receive_IT   stm32f1xx_hal_uart.o
    0x08004050   0x08004050   0x000000b8   Code   RO         4065    i.UART_SetConfig    stm32f1xx_hal_uart.o
    0x08004108   0x08004108   0x00000064   Code   RO         4066    i.UART_WaitOnFlagUntilTimeout  stm32f1xx_hal_uart.o
    0x0800416c   0x0800416c   0x0000000c   Code   RO          824    i.USART1_IRQHandler  stm32f1xx_it.o
    0x08004178   0x08004178   0x00000002   Code   RO          825    i.UsageFault_Handler  stm32f1xx_it.o
    0x0800417a   0x0800417a   0x00000002   PAD
    0x0800417c   0x0800417c   0x00000028   Code   RO         6005    i.__0sprintf        mc_w.l(printfa.o)
    0x080041a4   0x080041a4   0x00000020   Code   RO         1533    i.__NVIC_SetPriority  stm32f1xx_hal_cortex.o
    0x080041c4   0x080041c4   0x0000000e   Code   RO         6135    i.__scatterload_copy  mc_w.l(handlers.o)
    0x080041d2   0x080041d2   0x00000002   Code   RO         6136    i.__scatterload_null  mc_w.l(handlers.o)
    0x080041d4   0x080041d4   0x0000000e   Code   RO         6137    i.__scatterload_zeroinit  mc_w.l(handlers.o)
    0x080041e2   0x080041e2   0x00000002   PAD
    0x080041e4   0x080041e4   0x00000184   Code   RO         6010    i._fp_digits        mc_w.l(printfa.o)
    0x08004368   0x08004368   0x000006dc   Code   RO         6011    i._printf_core      mc_w.l(printfa.o)
    0x08004a44   0x08004a44   0x00000024   Code   RO         6012    i._printf_post_padding  mc_w.l(printfa.o)
    0x08004a68   0x08004a68   0x0000002e   Code   RO         6013    i._printf_pre_padding  mc_w.l(printfa.o)
    0x08004a96   0x08004a96   0x0000000a   Code   RO         6015    i._sputc            mc_w.l(printfa.o)
    0x08004aa0   0x08004aa0   0x0000028c   Code   RO           13    i.bme280_get_meas   bme280.o
    0x08004d2c   0x08004d2c   0x0000007c   Code   RO           14    i.bme280_init       bme280.o
    0x08004da8   0x08004da8   0x00000468   Code   RO           16    i.bme280_read_coeffs  bme280.o
    0x08005210   0x08005210   0x0000002c   Code   RO           19    i.bme280_read_reg   bme280.o
    0x0800523c   0x0800523c   0x00000016   Code   RO           20    i.bme280_read_reg_be_s2b  bme280.o
    0x08005252   0x08005252   0x00000024   Code   RO           21    i.bme280_read_reg_be_u3b  bme280.o
    0x08005276   0x08005276   0x0000000a   Code   RO           22    i.bme280_read_reg_s2b  bme280.o
    0x08005280   0x08005280   0x0000000a   Code   RO           23    i.bme280_read_reg_u2b  bme280.o
    0x0800528a   0x0800528a   0x0000000e   Code   RO           25    i.bme280_read_status  bme280.o
    0x08005298   0x08005298   0x0000001e   Code   RO           27    i.bme280_set_filter  bme280.o
    0x080052b6   0x080052b6   0x0000001e   Code   RO           28    i.bme280_set_mode   bme280.o
    0x080052d4   0x080052d4   0x0000002c   Code   RO           29    i.bme280_set_oversamp_humidity  bme280.o
    0x08005300   0x08005300   0x0000001e   Code   RO           30    i.bme280_set_oversamp_pressure  bme280.o
    0x0800531e   0x0800531e   0x0000001e   Code   RO           31    i.bme280_set_oversamp_tempreture  bme280.o
    0x0800533c   0x0800533c   0x0000001e   Code   RO           32    i.bme280_set_standby  bme280.o
    0x0800535a   0x0800535a   0x00000002   PAD
    0x0800535c   0x0800535c   0x00000024   Code   RO           33    i.bme280_wr_reg     bme280.o
    0x08005380   0x08005380   0x00000002   Code   RO          770    i.configureTimerForRunTimeStats  freertos.o
    0x08005382   0x08005382   0x00000004   Code   RO          771    i.getRunTimeCounterValue  freertos.o
    0x08005386   0x08005386   0x00000002   PAD
    0x08005388   0x08005388   0x00000020   Code   RO           34    i.i2c_read_data2b   bme280.o
    0x080053a8   0x080053a8   0x00000020   Code   RO           35    i.i2c_read_data3b   bme280.o
    0x080053c8   0x080053c8   0x000000e4   Code   RO          627    i.main              main.o
    0x080054ac   0x080054ac   0x0000000c   Code   RO         5236    i.makeFreeRtosPriority  cmsis_os.o
    0x080054b8   0x080054b8   0x0000004c   Code   RO          628    i.nextion_send_str  main.o
    0x08005504   0x08005504   0x0000002c   Code   RO          270    i.nrf24_ACTIVATE_cmd  nrf24.o
    0x08005530   0x08005530   0x0000001c   Code   RO          272    i.nrf24_DelayMicroSeconds  nrf24.o
    0x0800554c   0x0800554c   0x00000006   Code   RO          274    i.nrf24_available   nrf24.o
    0x08005552   0x08005552   0x00000030   Code   RO          275    i.nrf24_availablePipe  nrf24.o
    0x08005582   0x08005582   0x00000002   PAD
    0x08005584   0x08005584   0x0000018c   Code   RO          276    i.nrf24_begin       nrf24.o
    0x08005710   0x08005710   0x00000014   Code   RO          277    i.nrf24_ce          nrf24.o
    0x08005724   0x08005724   0x00000014   Code   RO          278    i.nrf24_csn         nrf24.o
    0x08005738   0x08005738   0x00000028   Code   RO          280    i.nrf24_disableDynamicPayloads  nrf24.o
    0x08005760   0x08005760   0x00000042   Code   RO          281    i.nrf24_enableAckPayload  nrf24.o
    0x080057a2   0x080057a2   0x00000008   Code   RO          283    i.nrf24_flush_rx    nrf24.o
    0x080057aa   0x080057aa   0x00000008   Code   RO          284    i.nrf24_flush_tx    nrf24.o
    0x080057b2   0x080057b2   0x00000006   Code   RO          290    i.nrf24_get_status  nrf24.o
    0x080057b8   0x080057b8   0x00000090   Code   RO          629    i.nrf24_init        main.o
    0x08005848   0x08005848   0x00000058   Code   RO          293    i.nrf24_openReadingPipe  nrf24.o
    0x080058a0   0x080058a0   0x00000016   Code   RO          295    i.nrf24_powerDown   nrf24.o
    0x080058b6   0x080058b6   0x00000024   Code   RO          297    i.nrf24_read        nrf24.o
    0x080058da   0x080058da   0x00000002   PAD
    0x080058dc   0x080058dc   0x00000044   Code   RO          298    i.nrf24_read_payload  nrf24.o
    0x08005920   0x08005920   0x00000040   Code   RO          299    i.nrf24_read_register  nrf24.o
    0x08005960   0x08005960   0x0000003c   Code   RO          300    i.nrf24_read_registerN  nrf24.o
    0x0800599c   0x0800599c   0x00000008   Code   RO          301    i.nrf24_resetStatus  nrf24.o
    0x080059a4   0x080059a4   0x0000000e   Code   RO          302    i.nrf24_setAutoAck  nrf24.o
    0x080059b2   0x080059b2   0x00000028   Code   RO          304    i.nrf24_setCRCLength  nrf24.o
    0x080059da   0x080059da   0x0000000e   Code   RO          305    i.nrf24_setChannel  nrf24.o
    0x080059e8   0x080059e8   0x0000005c   Code   RO          306    i.nrf24_setDataRate  nrf24.o
    0x08005a44   0x08005a44   0x0000003c   Code   RO          307    i.nrf24_setPALevel  nrf24.o
    0x08005a80   0x08005a80   0x00000010   Code   RO          308    i.nrf24_setPayloadSize  nrf24.o
    0x08005a90   0x08005a90   0x0000000e   Code   RO          309    i.nrf24_setRetries  nrf24.o
    0x08005a9e   0x08005a9e   0x00000002   PAD
    0x08005aa0   0x08005aa0   0x00000044   Code   RO          310    i.nrf24_startListening  nrf24.o
    0x08005ae4   0x08005ae4   0x00000030   Code   RO          319    i.nrf24_write_register  nrf24.o
    0x08005b14   0x08005b14   0x0000003c   Code   RO          320    i.nrf24_write_registerN  nrf24.o
    0x08005b50   0x08005b50   0x0000000e   Code   RO         5238    i.osDelay           cmsis_os.o
    0x08005b5e   0x08005b5e   0x0000000a   Code   RO         5241    i.osKernelStart     cmsis_os.o
    0x08005b68   0x08005b68   0x00000054   Code   RO         5275    i.osThreadCreate    cmsis_os.o
    0x08005bbc   0x08005bbc   0x000007d0   Code   RO          323    i.printRadioSettings  nrf24.o
    0x0800638c   0x0800638c   0x00000070   Code   RO         4878    i.prvAddCurrentTaskToDelayedList  tasks.o
    0x080063fc   0x080063fc   0x000000d0   Code   RO         4879    i.prvAddNewTaskToReadyList  tasks.o
    0x080064cc   0x080064cc   0x00000034   Code   RO         4880    i.prvDeleteTCB      tasks.o
    0x08006500   0x08006500   0x0000004c   Code   RO         5603    i.prvHeapInit       heap_4.o
    0x0800654c   0x0800654c   0x00000060   Code   RO         4881    i.prvIdleTask       tasks.o
    0x080065ac   0x080065ac   0x0000009e   Code   RO         4882    i.prvInitialiseNewTask  tasks.o
    0x0800664a   0x0800664a   0x00000002   PAD
    0x0800664c   0x0800664c   0x0000004c   Code   RO         5604    i.prvInsertBlockIntoFreeList  heap_4.o
    0x08006698   0x08006698   0x00000020   Code   RO         4884    i.prvResetNextTaskUnblockTime  tasks.o
    0x080066b8   0x080066b8   0x00000028   Code   RO         5666    i.prvTaskExitError  port.o
    0x080066e0   0x080066e0   0x000000d8   Code   RO         5605    i.pvPortMalloc      heap_4.o
    0x080067b8   0x080067b8   0x00000024   Code   RO         5667    i.pxPortInitialiseStack  port.o
    0x080067dc   0x080067dc   0x00000026   Code   RO         4486    i.uxListRemove      list.o
    0x08006802   0x08006802   0x00000002   PAD
    0x08006804   0x08006804   0x00000014   Code   RO          772    i.vApplicationGetIdleTaskMemory  freertos.o
    0x08006818   0x08006818   0x00000016   Code   RO         4487    i.vListInitialise   list.o
    0x0800682e   0x0800682e   0x00000006   Code   RO         4488    i.vListInitialiseItem  list.o
    0x08006834   0x08006834   0x00000030   Code   RO         4489    i.vListInsert       list.o
    0x08006864   0x08006864   0x00000018   Code   RO         4490    i.vListInsertEnd    list.o
    0x0800687c   0x0800687c   0x00000040   Code   RO         5669    i.vPortEnterCritical  port.o
    0x080068bc   0x080068bc   0x00000028   Code   RO         5670    i.vPortExitCritical  port.o
    0x080068e4   0x080068e4   0x0000005c   Code   RO         5606    i.vPortFree         heap_4.o
    0x08006940   0x08006940   0x00000024   Code   RO         5671    i.vPortSetupTimerInterrupt  port.o
    0x08006964   0x08006964   0x0000004c   Code   RO         4895    i.vTaskDelay        tasks.o
    0x080069b0   0x080069b0   0x00000070   Code   RO         4912    i.vTaskStartScheduler  tasks.o
    0x08006a20   0x08006a20   0x00000010   Code   RO         4914    i.vTaskSuspendAll   tasks.o
    0x08006a30   0x08006a30   0x00000074   Code   RO         4915    i.vTaskSwitchContext  tasks.o
    0x08006aa4   0x08006aa4   0x000000a8   Code   RO         5673    i.xPortStartScheduler  port.o
    0x08006b4c   0x08006b4c   0x0000005a   Code   RO         4917    i.xTaskCreate       tasks.o
    0x08006ba6   0x08006ba6   0x00000056   Code   RO         4918    i.xTaskCreateStatic  tasks.o
    0x08006bfc   0x08006bfc   0x000000c8   Code   RO         4925    i.xTaskIncrementTick  tasks.o
    0x08006cc4   0x08006cc4   0x000000c4   Code   RO         4931    i.xTaskResumeAll    tasks.o
    0x08006d88   0x08006d88   0x0000000d   Data   RO          326    .constdata          nrf24.o
    0x08006d95   0x08006d95   0x00000003   PAD
    0x08006d98   0x08006d98   0x00000070   Data   RO          631    .constdata          main.o
    0x08006e08   0x08006e08   0x00000010   Data   RO         4337    .constdata          system_stm32f1xx.o
    0x08006e18   0x08006e18   0x00000008   Data   RO         4338    .constdata          system_stm32f1xx.o
    0x08006e20   0x08006e20   0x000000da   Data   RO          327    .conststring        nrf24.o
    0x08006efa   0x08006efa   0x00000002   PAD
    0x08006efc   0x08006efc   0x00000031   Data   RO          632    .conststring        main.o
    0x08006f2d   0x08006f2d   0x00000003   PAD
    0x08006f30   0x08006f30   0x00000020   Data   RO         6133    Region$$Table       anon$$obj.o


    Execution Region RW_IRAM1 (Exec base: 0x20000000, Load base: 0x08006f50, Size: 0x00001588, Max: 0x00005000, ABSOLUTE)

    Exec Addr    Load Addr    Size         Type   Attr      Idx    E Section Name        Object

    0x20000000   0x08006f50   0x00000004   Data   RW           37    .data               bme280.o
    0x20000004   0x08006f54   0x00000004   PAD
    0x20000008   0x08006f58   0x00000018   Data   RW          328    .data               nrf24.o
    0x20000020   0x08006f70   0x00000028   Data   RW          633    .data               main.o
    0x20000048   0x08006f98   0x0000000c   Data   RW         1070    .data               stm32f1xx_hal.o
    0x20000054   0x08006fa4   0x00000004   Data   RW         4339    .data               system_stm32f1xx.o
    0x20000058   0x08006fa8   0x00000044   Data   RW         4934    .data               tasks.o
    0x2000009c   0x08006fec   0x00000018   Data   RW         5611    .data               heap_4.o
    0x200000b4   0x08007004   0x0000000c   Data   RW         5674    .data               port.o
    0x200000c0        -       0x00000056   Zero   RW           36    .bss                bme280.o
    0x20000116   0x08007010   0x00000002   PAD
    0x20000118        -       0x00000098   Zero   RW          325    .bss                nrf24.o
    0x200001b0        -       0x0000017c   Zero   RW          630    .bss                main.o
    0x2000032c        -       0x00000160   Zero   RW          773    .bss                freertos.o
    0x2000048c        -       0x00000048   Zero   RW          973    .bss                stm32f1xx_hal_timebase_tim.o
    0x200004d4        -       0x000000b4   Zero   RW         4933    .bss                tasks.o
    0x20000588        -       0x00000c00   Zero   RW         5610    .bss                heap_4.o
    0x20001188        -       0x00000400   Zero   RW            1    STACK               startup_stm32f103xb.o


==============================================================================

Image component sizes


      Code (inc. data)   RO Data    RW Data    ZI Data      Debug   Object Name

      2334        362          0          4         86     461403   bme280.o
       120          0          0          0          0      22521   cmsis_os.o
         0          0          0          0          0      18252   event_groups.o
        26          4          0          0        352       2273   freertos.o
       460         24          0         24       3072       7367   heap_4.o
       138          0          0          0          0       3510   list.o
      1302        206        161         40        380      42231   main.o
      3462        990        231         24        152      18455   nrf24.o
       578         60          0         12          0      10544   port.o
        36          8        236          0       1024        820   startup_stm32f103xb.o
       100         18          0         12          0       5374   stm32f1xx_hal.o
       158         14          0          0          0      28278   stm32f1xx_hal_cortex.o
       158          4          0          0          0       1714   stm32f1xx_hal_dma.o
       490         34          0          0          0       2944   stm32f1xx_hal_gpio.o
      5160         88          0          0          0      29868   stm32f1xx_hal_i2c.o
       492         60          0          0          0       3667   stm32f1xx_hal_msp.o
        12          4          0          0          0        531   stm32f1xx_hal_pwr.o
      1336        110          0          0          0       5953   stm32f1xx_hal_rcc.o
       436         46          0          0          0       2585   stm32f1xx_hal_rcc_ex.o
      1412         14          0          0          0      13024   stm32f1xx_hal_rtc.o
        64          0          0          0          0       2181   stm32f1xx_hal_rtc_ex.o
      1672          4          0          0          0       8294   stm32f1xx_hal_spi.o
       654         26          0          0          0       7212   stm32f1xx_hal_tim.o
         4          0          0          0          0       1609   stm32f1xx_hal_tim_ex.o
       116         14          0          0         72       1479   stm32f1xx_hal_timebase_tim.o
      1098         10          0          0          0       8931   stm32f1xx_hal_uart.o
        60         24          0          0          0       4513   stm32f1xx_it.o
         0          0          0          0          0        392   stream_buffer.o
         2          0         24          4          0       1175   system_stm32f1xx.o
      1550        106          0         68        180      16790   tasks.o

    ----------------------------------------------------------------------
     23476       2230        692        192       5320     733890   Object Totals
         0          0         32          0          0          0   (incl. Generated)
        46          0          8          4          2          0   (incl. Padding)

    ----------------------------------------------------------------------

      Code (inc. data)   RO Data    RW Data    ZI Data      Debug   Library Member Name

         0          0          0          0          0          0   entry.o
         0          0          0          0          0          0   entry10a.o
         0          0          0          0          0          0   entry11a.o
         8          4          0          0          0          0   entry2.o
         4          0          0          0          0          0   entry5.o
         0          0          0          0          0          0   entry7b.o
         0          0          0          0          0          0   entry8b.o
         8          4          0          0          0          0   entry9a.o
        30          0          0          0          0          0   handlers.o
        36          8          0          0          0         68   init.o
         0          0          0          0          0          0   iusefp.o
        98          0          0          0          0         84   ldiv.o
        30          0          0          0          0         68   llshl.o
        36          0          0          0          0         68   llsshr.o
        32          0          0          0          0         68   llushr.o
        36          0          0          0          0         68   memcpya.o
        36          0          0          0          0        108   memseta.o
      2276         86          0          0          0        520   printfa.o
        14          0          0          0          0         68   strlen.o
        44          0          0          0          0         80   uidiv.o
        98          0          0          0          0         92   uldiv.o
        48          0          0          0          0         68   cdrcmple.o
       334          0          0          0          0        148   dadd.o
       222          0          0          0          0        100   ddiv.o
       186          0          0          0          0        176   depilogue.o
        48          0          0          0          0         68   dfixul.o
       228          0          0          0          0         96   dmul.o
        38          0          0          0          0         68   f2d.o
       124          0          0          0          0         88   fdiv.o
       110          0          0          0          0        168   fepilogue.o
        50          0          0          0          0         68   ffixi.o
        18          0          0          0          0         68   fflti.o
        10          0          0          0          0         68   ffltui.o
       100          0          0          0          0         76   fmul.o
        24          0          0          0          0         68   fscalb.o

    ----------------------------------------------------------------------
      4328        102          0          0          0       2620   Library Totals
         2          0          0          0          0          0   (incl. Padding)

    ----------------------------------------------------------------------

      Code (inc. data)   RO Data    RW Data    ZI Data      Debug   Library Name

      2786        102          0          0          0       1292   mc_w.l
      1540          0          0          0          0       1328   mf_w.l

    ----------------------------------------------------------------------
      4328        102          0          0          0       2620   Library Totals

    ----------------------------------------------------------------------

==============================================================================


      Code (inc. data)   RO Data    RW Data    ZI Data      Debug   

     27804       2332        692        192       5320     724130   Grand Totals
     27804       2332        692        192       5320     724130   ELF Image Totals
     27804       2332        692        192          0          0   ROM Totals

==============================================================================

    Total RO  Size (Code + RO Data)                28496 (  27.83kB)
    Total RW  Size (RW Data + ZI Data)              5512 (   5.38kB)
    Total ROM Size (Code + RO Data + RW Data)      28688 (  28.02kB)

==============================================================================

