<html>
<body>
<pre>
<h1>µVision Build Log</h1>
<h2>Tool Versions:</h2>
IDE-Version: µVision V5.29.0.0
Copyright (C) 2019 ARM Ltd and ARM Germany GmbH. All rights reserved.
License Information: Igor Naskin, MPEI, LIC=----
 
Tool Versions:
Toolchain:       MDK-Lite  Version: 5.29.0.0
Toolchain Path:  C:\Keil_v5\ARM\ARMCC\Bin
C Compiler:      Armcc.exe V5.06 update 6 (build 750)
Assembler:       Armasm.exe V5.06 update 6 (build 750)
Linker/Locator:  ArmLink.exe V5.06 update 6 (build 750)
Library Manager: ArmAr.exe V5.06 update 6 (build 750)
Hex Converter:   FromElf.exe V5.06 update 6 (build 750)
CPU DLL:         SARMCM3.DLL V5.29.0.0
Dialog DLL:      DCM.DLL V1.17.3.0
Target DLL:      UL2CM3.DLL V1.163.0.0
Dialog DLL:      TCM.DLL V1.36.5.0
 
<h2>Project:</h2>
C:\Users\User\Documents\Keil_projects\Cube_MX\Weather_station\Receiver\MDK-ARM\RX_stm32f103c8.uvprojx
Project File Date:  03/12/2021

<h2>Output:</h2>
*** Using Compiler 'V5.06 update 6 (build 750)', folder: 'C:\Keil_v5\ARM\ARMCC\Bin'
Rebuild target 'RX_stm32f103c8'
assembling startup_stm32f103xb.s...
compiling nrf24.c...
nrf24.c(14): warning:  #550-D: variable "dynamic_payloads_enabled"  was set but never used
  static bool dynamic_payloads_enabled; /**< Whether dynamic payloads are enabled. */ 
nrf24.c(16): warning:  #550-D: variable "wide_band"  was set but never used
  static bool wide_band; /* 2Mbs data rate in use? */
nrf24.c: 2 warnings, 0 errors
compiling stm32f1xx_hal_timebase_tim.c...
compiling bme280.c...
bme280.c(14): warning:  #177-D: variable "value32"  was declared but never referenced
    uint32_t value32 = 0;
bme280.c(45): warning:  #550-D: variable "status"  was set but never used
    HAL_StatusTypeDef status = HAL_OK;
bme280.c(52): warning:  #550-D: variable "status"  was set but never used
    HAL_StatusTypeDef status = HAL_OK;
bme280.c(61): warning:  #550-D: variable "status"  was set but never used
    HAL_StatusTypeDef status = HAL_OK;
bme280.c(68): warning:  #550-D: variable "status"  was set but never used
    HAL_StatusTypeDef status = HAL_OK;
bme280.c: 5 warnings, 0 errors
compiling stm32f1xx_it.c...
compiling stm32f1xx_hal_msp.c...
compiling freertos.c...
compiling main.c...
compiling stm32f1xx_hal_cortex.c...
compiling stm32f1xx_hal.c...
compiling stm32f1xx_hal_rcc_ex.c...
compiling stm32f1xx_hal_gpio_ex.c...
compiling stm32f1xx_hal_rcc.c...
compiling stm32f1xx_hal_gpio.c...
compiling stm32f1xx_hal_dma.c...
compiling stm32f1xx_hal_rtc.c...
compiling stm32f1xx_hal_pwr.c...
compiling stm32f1xx_hal_rtc_ex.c...
compiling stm32f1xx_hal_flash_ex.c...
compiling stm32f1xx_hal_exti.c...
compiling stm32f1xx_hal_flash.c...
compiling croutine.c...
compiling event_groups.c...
compiling list.c...
compiling stm32f1xx_hal_i2c.c...
compiling queue.c...
compiling stream_buffer.c...
compiling timers.c...
compiling tasks.c...
compiling heap_4.c...
compiling cmsis_os.c...
compiling port.c...
compiling system_stm32f1xx.c...
compiling stm32f1xx_hal_uart.c...
compiling stm32f1xx_hal_tim_ex.c...
compiling stm32f1xx_hal_spi.c...
compiling stm32f1xx_hal_tim.c...
linking...
Program Size: Code=27804 RO-data=692 RW-data=192 ZI-data=5320  
FromELF: creating hex file...
"RX_stm32f103c8\RX_stm32f103c8.axf" - 0 Error(s), 7 Warning(s).

<h2>Software Packages used:</h2>

Package Vendor: ARM
                http://www.keil.com/pack/ARM.CMSIS.5.7.0.pack
                ARM.CMSIS.5.7.0
                CMSIS (Cortex Microcontroller Software Interface Standard)
   * Component: CORE Version: 5.4.0

Package Vendor: Keil
                http://www.keil.com/pack/Keil.STM32F1xx_DFP.2.3.0.pack
                Keil.STM32F1xx_DFP.2.3.0
                STMicroelectronics STM32F1 Series Device Support, Drivers and Examples

<h2>Collection of Component include folders:</h2>
  .\RTE\_RX_stm32f103c8
  C:\Users\User\AppData\Local\Arm\Packs\ARM\CMSIS\5.7.0\CMSIS\Core\Include
  C:\Users\User\AppData\Local\Arm\Packs\Keil\STM32F1xx_DFP\2.3.0\Device\Include

<h2>Collection of Component Files used:</h2>

   * Component: ARM::CMSIS:CORE:5.4.0
      Include file:  CMSIS\Core\Include\tz_context.h
Build Time Elapsed:  00:00:14
</pre>
</body>
</html>
